Archive member included to satisfy reference by file (symbol)

/home/charles/bin/gcc-arm-none-eabi-10.3-2021.10/bin/../lib/gcc/arm-none-eabi/10.3.1/../../../../arm-none-eabi/lib/thumb/v7-m/nofp/libc_nano.a(lib_a-exit.o)
                              /home/charles/bin/gcc-arm-none-eabi-10.3-2021.10/bin/../lib/gcc/arm-none-eabi/10.3.1/../../../../arm-none-eabi/lib/thumb/v7-m/nofp/crt0.o (exit)
/home/charles/bin/gcc-arm-none-eabi-10.3-2021.10/bin/../lib/gcc/arm-none-eabi/10.3.1/../../../../arm-none-eabi/lib/thumb/v7-m/nofp/libc_nano.a(lib_a-impure.o)
                              /home/charles/bin/gcc-arm-none-eabi-10.3-2021.10/bin/../lib/gcc/arm-none-eabi/10.3.1/../../../../arm-none-eabi/lib/thumb/v7-m/nofp/libc_nano.a(lib_a-exit.o) (_global_impure_ptr)
/home/charles/bin/gcc-arm-none-eabi-10.3-2021.10/bin/../lib/gcc/arm-none-eabi/10.3.1/../../../../arm-none-eabi/lib/thumb/v7-m/nofp/libc_nano.a(lib_a-init.o)
                              /home/charles/bin/gcc-arm-none-eabi-10.3-2021.10/bin/../lib/gcc/arm-none-eabi/10.3.1/../../../../arm-none-eabi/lib/thumb/v7-m/nofp/crt0.o (__libc_init_array)
/home/charles/bin/gcc-arm-none-eabi-10.3-2021.10/bin/../lib/gcc/arm-none-eabi/10.3.1/../../../../arm-none-eabi/lib/thumb/v7-m/nofp/libc_nano.a(lib_a-memset.o)
                              /home/charles/bin/gcc-arm-none-eabi-10.3-2021.10/bin/../lib/gcc/arm-none-eabi/10.3.1/../../../../arm-none-eabi/lib/thumb/v7-m/nofp/crt0.o (memset)
/home/charles/bin/gcc-arm-none-eabi-10.3-2021.10/bin/../lib/gcc/arm-none-eabi/10.3.1/../../../../arm-none-eabi/lib/thumb/v7-m/nofp/libnosys.a(_exit.o)
                              /home/charles/bin/gcc-arm-none-eabi-10.3-2021.10/bin/../lib/gcc/arm-none-eabi/10.3.1/../../../../arm-none-eabi/lib/thumb/v7-m/nofp/libc_nano.a(lib_a-exit.o) (_exit)
/home/charles/bin/gcc-arm-none-eabi-10.3-2021.10/bin/../lib/gcc/arm-none-eabi/10.3.1/thumb/v7-m/nofp/libgcc.a(_aeabi_uldivmod.o)
                              build/stm32l1xx_hal_rcc.o (__aeabi_uldivmod)
/home/charles/bin/gcc-arm-none-eabi-10.3-2021.10/bin/../lib/gcc/arm-none-eabi/10.3.1/thumb/v7-m/nofp/libgcc.a(_udivmoddi4.o)
                              /home/charles/bin/gcc-arm-none-eabi-10.3-2021.10/bin/../lib/gcc/arm-none-eabi/10.3.1/thumb/v7-m/nofp/libgcc.a(_aeabi_uldivmod.o) (__udivmoddi4)
/home/charles/bin/gcc-arm-none-eabi-10.3-2021.10/bin/../lib/gcc/arm-none-eabi/10.3.1/thumb/v7-m/nofp/libgcc.a(_dvmd_tls.o)
                              /home/charles/bin/gcc-arm-none-eabi-10.3-2021.10/bin/../lib/gcc/arm-none-eabi/10.3.1/thumb/v7-m/nofp/libgcc.a(_aeabi_uldivmod.o) (__aeabi_ldiv0)

Discarded input sections

 .text          0x0000000000000000        0x0 /home/charles/bin/gcc-arm-none-eabi-10.3-2021.10/bin/../lib/gcc/arm-none-eabi/10.3.1/thumb/v7-m/nofp/crti.o
 .data          0x0000000000000000        0x0 /home/charles/bin/gcc-arm-none-eabi-10.3-2021.10/bin/../lib/gcc/arm-none-eabi/10.3.1/thumb/v7-m/nofp/crti.o
 .bss           0x0000000000000000        0x0 /home/charles/bin/gcc-arm-none-eabi-10.3-2021.10/bin/../lib/gcc/arm-none-eabi/10.3.1/thumb/v7-m/nofp/crti.o
 .data          0x0000000000000000        0x4 /home/charles/bin/gcc-arm-none-eabi-10.3-2021.10/bin/../lib/gcc/arm-none-eabi/10.3.1/thumb/v7-m/nofp/crtbegin.o
 .rodata        0x0000000000000000       0x24 /home/charles/bin/gcc-arm-none-eabi-10.3-2021.10/bin/../lib/gcc/arm-none-eabi/10.3.1/thumb/v7-m/nofp/crtbegin.o
 .text          0x0000000000000000       0x7c /home/charles/bin/gcc-arm-none-eabi-10.3-2021.10/bin/../lib/gcc/arm-none-eabi/10.3.1/../../../../arm-none-eabi/lib/thumb/v7-m/nofp/crt0.o
 .data          0x0000000000000000        0x0 /home/charles/bin/gcc-arm-none-eabi-10.3-2021.10/bin/../lib/gcc/arm-none-eabi/10.3.1/../../../../arm-none-eabi/lib/thumb/v7-m/nofp/crt0.o
 .bss           0x0000000000000000        0x0 /home/charles/bin/gcc-arm-none-eabi-10.3-2021.10/bin/../lib/gcc/arm-none-eabi/10.3.1/../../../../arm-none-eabi/lib/thumb/v7-m/nofp/crt0.o
 .ARM.extab     0x0000000000000000        0x0 /home/charles/bin/gcc-arm-none-eabi-10.3-2021.10/bin/../lib/gcc/arm-none-eabi/10.3.1/../../../../arm-none-eabi/lib/thumb/v7-m/nofp/crt0.o
 .ARM.exidx     0x0000000000000000       0x10 /home/charles/bin/gcc-arm-none-eabi-10.3-2021.10/bin/../lib/gcc/arm-none-eabi/10.3.1/../../../../arm-none-eabi/lib/thumb/v7-m/nofp/crt0.o
 .ARM.attributes
                0x0000000000000000       0x1b /home/charles/bin/gcc-arm-none-eabi-10.3-2021.10/bin/../lib/gcc/arm-none-eabi/10.3.1/../../../../arm-none-eabi/lib/thumb/v7-m/nofp/crt0.o
 .text          0x0000000000000000        0x0 build/main.o
 .data          0x0000000000000000        0x0 build/main.o
 .bss           0x0000000000000000        0x0 build/main.o
 .text          0x0000000000000000        0x0 build/stm32l1xx_it.o
 .data          0x0000000000000000        0x0 build/stm32l1xx_it.o
 .bss           0x0000000000000000        0x0 build/stm32l1xx_it.o
 .text          0x0000000000000000        0x0 build/stm32l1xx_hal_msp.o
 .data          0x0000000000000000        0x0 build/stm32l1xx_hal_msp.o
 .bss           0x0000000000000000        0x0 build/stm32l1xx_hal_msp.o
 .text          0x0000000000000000        0x0 build/stm32l1xx_hal_tim.o
 .data          0x0000000000000000        0x0 build/stm32l1xx_hal_tim.o
 .bss           0x0000000000000000        0x0 build/stm32l1xx_hal_tim.o
 .debug_info    0x0000000000000000       0x6b build/stm32l1xx_hal_tim.o
 .debug_abbrev  0x0000000000000000       0x26 build/stm32l1xx_hal_tim.o
 .debug_aranges
                0x0000000000000000       0x18 build/stm32l1xx_hal_tim.o
 .debug_line    0x0000000000000000       0x1d build/stm32l1xx_hal_tim.o
 .debug_str     0x0000000000000000      0x175 build/stm32l1xx_hal_tim.o
 .comment       0x0000000000000000       0x4a build/stm32l1xx_hal_tim.o
 .ARM.attributes
                0x0000000000000000       0x2d build/stm32l1xx_hal_tim.o
 .text          0x0000000000000000        0x0 build/stm32l1xx_hal_tim_ex.o
 .data          0x0000000000000000        0x0 build/stm32l1xx_hal_tim_ex.o
 .bss           0x0000000000000000        0x0 build/stm32l1xx_hal_tim_ex.o
 .debug_info    0x0000000000000000       0x6b build/stm32l1xx_hal_tim_ex.o
 .debug_abbrev  0x0000000000000000       0x26 build/stm32l1xx_hal_tim_ex.o
 .debug_aranges
                0x0000000000000000       0x18 build/stm32l1xx_hal_tim_ex.o
 .debug_line    0x0000000000000000       0x1d build/stm32l1xx_hal_tim_ex.o
 .debug_str     0x0000000000000000      0x178 build/stm32l1xx_hal_tim_ex.o
 .comment       0x0000000000000000       0x4a build/stm32l1xx_hal_tim_ex.o
 .ARM.attributes
                0x0000000000000000       0x2d build/stm32l1xx_hal_tim_ex.o
 .text          0x0000000000000000        0x0 build/stm32l1xx_hal.o
 .data          0x0000000000000000        0x0 build/stm32l1xx_hal.o
 .bss           0x0000000000000000        0x0 build/stm32l1xx_hal.o
 .text.HAL_MspInit
                0x0000000000000000        0x2 build/stm32l1xx_hal.o
 .text.HAL_MspDeInit
                0x0000000000000000        0x2 build/stm32l1xx_hal.o
 .text.HAL_DeInit
                0x0000000000000000       0x24 build/stm32l1xx_hal.o
 .text.HAL_GetTickPrio
                0x0000000000000000        0xc build/stm32l1xx_hal.o
 .text.HAL_SetTickFreq
                0x0000000000000000       0x2c build/stm32l1xx_hal.o
 .text.HAL_GetTickFreq
                0x0000000000000000        0xc build/stm32l1xx_hal.o
 .text.HAL_SuspendTick
                0x0000000000000000        0xe build/stm32l1xx_hal.o
 .text.HAL_ResumeTick
                0x0000000000000000        0xe build/stm32l1xx_hal.o
 .text.HAL_GetHalVersion
                0x0000000000000000        0x8 build/stm32l1xx_hal.o
 .text.HAL_GetREVID
                0x0000000000000000        0xc build/stm32l1xx_hal.o
 .text.HAL_GetDEVID
                0x0000000000000000       0x10 build/stm32l1xx_hal.o
 .text.HAL_GetUIDw0
                0x0000000000000000        0xc build/stm32l1xx_hal.o
 .text.HAL_GetUIDw1
                0x0000000000000000        0xc build/stm32l1xx_hal.o
 .text.HAL_GetUIDw2
                0x0000000000000000        0xc build/stm32l1xx_hal.o
 .text.HAL_DBGMCU_EnableDBGSleepMode
                0x0000000000000000       0x10 build/stm32l1xx_hal.o
 .text.HAL_DBGMCU_DisableDBGSleepMode
                0x0000000000000000       0x10 build/stm32l1xx_hal.o
 .text.HAL_DBGMCU_EnableDBGStopMode
                0x0000000000000000       0x10 build/stm32l1xx_hal.o
 .text.HAL_DBGMCU_DisableDBGStopMode
                0x0000000000000000       0x10 build/stm32l1xx_hal.o
 .text.HAL_DBGMCU_EnableDBGStandbyMode
                0x0000000000000000       0x10 build/stm32l1xx_hal.o
 .text.HAL_DBGMCU_DisableDBGStandbyMode
                0x0000000000000000       0x10 build/stm32l1xx_hal.o
 .text          0x0000000000000000        0x0 build/stm32l1xx_hal_rcc.o
 .data          0x0000000000000000        0x0 build/stm32l1xx_hal_rcc.o
 .bss           0x0000000000000000        0x0 build/stm32l1xx_hal_rcc.o
 .text.HAL_RCC_DeInit
                0x0000000000000000       0xd0 build/stm32l1xx_hal_rcc.o
 .text.HAL_RCC_MCOConfig
                0x0000000000000000       0x50 build/stm32l1xx_hal_rcc.o
 .text.HAL_RCC_EnableCSS
                0x0000000000000000        0xc build/stm32l1xx_hal_rcc.o
 .text.HAL_RCC_DisableCSS
                0x0000000000000000        0xc build/stm32l1xx_hal_rcc.o
 .text.HAL_RCC_GetHCLKFreq
                0x0000000000000000        0xc build/stm32l1xx_hal_rcc.o
 .text.HAL_RCC_GetPCLK1Freq
                0x0000000000000000       0x20 build/stm32l1xx_hal_rcc.o
 .text.HAL_RCC_GetPCLK2Freq
                0x0000000000000000       0x20 build/stm32l1xx_hal_rcc.o
 .text.HAL_RCC_GetOscConfig
                0x0000000000000000       0xd4 build/stm32l1xx_hal_rcc.o
 .text.HAL_RCC_GetClockConfig
                0x0000000000000000       0x3c build/stm32l1xx_hal_rcc.o
 .text.HAL_RCC_CSSCallback
                0x0000000000000000        0x2 build/stm32l1xx_hal_rcc.o
 .text.HAL_RCC_NMI_IRQHandler
                0x0000000000000000       0x20 build/stm32l1xx_hal_rcc.o
 .text          0x0000000000000000        0x0 build/stm32l1xx_hal_rcc_ex.o
 .data          0x0000000000000000        0x0 build/stm32l1xx_hal_rcc_ex.o
 .bss           0x0000000000000000        0x0 build/stm32l1xx_hal_rcc_ex.o
 .text.HAL_RCCEx_PeriphCLKConfig
                0x0000000000000000      0x198 build/stm32l1xx_hal_rcc_ex.o
 .text.HAL_RCCEx_GetPeriphCLKConfig
                0x0000000000000000       0x30 build/stm32l1xx_hal_rcc_ex.o
 .text.HAL_RCCEx_GetPeriphCLKFreq
                0x0000000000000000       0x90 build/stm32l1xx_hal_rcc_ex.o
 .text.HAL_RCCEx_EnableLSECSS
                0x0000000000000000       0x10 build/stm32l1xx_hal_rcc_ex.o
 .text.HAL_RCCEx_DisableLSECSS
                0x0000000000000000       0x1c build/stm32l1xx_hal_rcc_ex.o
 .text.HAL_RCCEx_EnableLSECSS_IT
                0x0000000000000000       0x34 build/stm32l1xx_hal_rcc_ex.o
 .text.HAL_RCCEx_LSECSS_Callback
                0x0000000000000000        0x2 build/stm32l1xx_hal_rcc_ex.o
 .text.HAL_RCCEx_LSECSS_IRQHandler
                0x0000000000000000       0x20 build/stm32l1xx_hal_rcc_ex.o
 .debug_info    0x0000000000000000      0x4f3 build/stm32l1xx_hal_rcc_ex.o
 .debug_abbrev  0x0000000000000000      0x201 build/stm32l1xx_hal_rcc_ex.o
 .debug_loc     0x0000000000000000      0x285 build/stm32l1xx_hal_rcc_ex.o
 .debug_aranges
                0x0000000000000000       0x58 build/stm32l1xx_hal_rcc_ex.o
 .debug_ranges  0x0000000000000000       0x60 build/stm32l1xx_hal_rcc_ex.o
 .debug_line    0x0000000000000000      0x511 build/stm32l1xx_hal_rcc_ex.o
 .debug_str     0x0000000000000000      0x404 build/stm32l1xx_hal_rcc_ex.o
 .comment       0x0000000000000000       0x4a build/stm32l1xx_hal_rcc_ex.o
 .debug_frame   0x0000000000000000       0xac build/stm32l1xx_hal_rcc_ex.o
 .ARM.attributes
                0x0000000000000000       0x2d build/stm32l1xx_hal_rcc_ex.o
 .text          0x0000000000000000        0x0 build/stm32l1xx_hal_flash.o
 .data          0x0000000000000000        0x0 build/stm32l1xx_hal_flash.o
 .bss           0x0000000000000000        0x0 build/stm32l1xx_hal_flash.o
 .text.FLASH_SetErrorCode
                0x0000000000000000       0x88 build/stm32l1xx_hal_flash.o
 .text.HAL_FLASH_Program_IT
                0x0000000000000000       0x40 build/stm32l1xx_hal_flash.o
 .text.HAL_FLASH_EndOfOperationCallback
                0x0000000000000000        0x2 build/stm32l1xx_hal_flash.o
 .text.HAL_FLASH_OperationErrorCallback
                0x0000000000000000        0x2 build/stm32l1xx_hal_flash.o
 .text.HAL_FLASH_IRQHandler
                0x0000000000000000      0x104 build/stm32l1xx_hal_flash.o
 .text.HAL_FLASH_Unlock
                0x0000000000000000       0x64 build/stm32l1xx_hal_flash.o
 .text.HAL_FLASH_Lock
                0x0000000000000000       0x14 build/stm32l1xx_hal_flash.o
 .text.HAL_FLASH_OB_Unlock
                0x0000000000000000       0x64 build/stm32l1xx_hal_flash.o
 .text.HAL_FLASH_OB_Lock
                0x0000000000000000       0x14 build/stm32l1xx_hal_flash.o
 .text.HAL_FLASH_GetError
                0x0000000000000000        0xc build/stm32l1xx_hal_flash.o
 .text.FLASH_WaitForLastOperation
                0x0000000000000000       0x7c build/stm32l1xx_hal_flash.o
 .text.HAL_FLASH_Program
                0x0000000000000000       0x40 build/stm32l1xx_hal_flash.o
 .text.HAL_FLASH_OB_Launch
                0x0000000000000000       0x1c build/stm32l1xx_hal_flash.o
 .bss.pFlash    0x0000000000000000       0x18 build/stm32l1xx_hal_flash.o
 .debug_info    0x0000000000000000      0x5d5 build/stm32l1xx_hal_flash.o
 .debug_abbrev  0x0000000000000000      0x256 build/stm32l1xx_hal_flash.o
 .debug_loc     0x0000000000000000      0x336 build/stm32l1xx_hal_flash.o
 .debug_aranges
                0x0000000000000000       0x80 build/stm32l1xx_hal_flash.o
 .debug_ranges  0x0000000000000000       0x70 build/stm32l1xx_hal_flash.o
 .debug_line    0x0000000000000000      0x63b build/stm32l1xx_hal_flash.o
 .debug_str     0x0000000000000000      0x460 build/stm32l1xx_hal_flash.o
 .comment       0x0000000000000000       0x4a build/stm32l1xx_hal_flash.o
 .debug_frame   0x0000000000000000      0x11c build/stm32l1xx_hal_flash.o
 .ARM.attributes
                0x0000000000000000       0x2d build/stm32l1xx_hal_flash.o
 .text          0x0000000000000000        0x0 build/stm32l1xx_hal_flash_ex.o
 .data          0x0000000000000000        0x0 build/stm32l1xx_hal_flash_ex.o
 .bss           0x0000000000000000        0x0 build/stm32l1xx_hal_flash_ex.o
 .text.FLASH_OB_GetUser
                0x0000000000000000       0x10 build/stm32l1xx_hal_flash_ex.o
 .text.FLASH_OB_GetRDP
                0x0000000000000000       0x18 build/stm32l1xx_hal_flash_ex.o
 .text.FLASH_OB_GetBOR
                0x0000000000000000       0x10 build/stm32l1xx_hal_flash_ex.o
 .text.FLASH_OB_WRPConfigWRP1OrPCROP1
                0x0000000000000000       0x4c build/stm32l1xx_hal_flash_ex.o
 .text.FLASH_OB_WRPConfigWRP2OrPCROP2
                0x0000000000000000       0x4c build/stm32l1xx_hal_flash_ex.o
 .text.FLASH_OB_WRPConfigWRP3
                0x0000000000000000       0x4c build/stm32l1xx_hal_flash_ex.o
 .text.FLASH_OB_WRPConfigWRP4
                0x0000000000000000       0x5c build/stm32l1xx_hal_flash_ex.o
 .text.FLASH_OB_WRPConfig
                0x0000000000000000       0x54 build/stm32l1xx_hal_flash_ex.o
 .text.FLASH_OB_RDPConfig
                0x0000000000000000       0x44 build/stm32l1xx_hal_flash_ex.o
 .text.FLASH_OB_UserConfig
                0x0000000000000000       0x44 build/stm32l1xx_hal_flash_ex.o
 .text.FLASH_OB_BORConfig
                0x0000000000000000       0x40 build/stm32l1xx_hal_flash_ex.o
 .text.FLASH_OB_BootConfig
                0x0000000000000000       0x40 build/stm32l1xx_hal_flash_ex.o
 .text.FLASH_DATAEEPROM_ProgramWord
                0x0000000000000000       0x1e build/stm32l1xx_hal_flash_ex.o
 .text.FLASH_DATAEEPROM_ProgramHalfWord
                0x0000000000000000       0x1e build/stm32l1xx_hal_flash_ex.o
 .text.FLASH_DATAEEPROM_ProgramByte
                0x0000000000000000       0x1e build/stm32l1xx_hal_flash_ex.o
 .text.FLASH_DATAEEPROM_FastProgramByte
                0x0000000000000000       0x2c build/stm32l1xx_hal_flash_ex.o
 .text.FLASH_DATAEEPROM_FastProgramHalfWord
                0x0000000000000000       0x2c build/stm32l1xx_hal_flash_ex.o
 .text.FLASH_DATAEEPROM_FastProgramWord
                0x0000000000000000       0x2c build/stm32l1xx_hal_flash_ex.o
 .text.HAL_FLASHEx_OBProgram
                0x0000000000000000       0xa4 build/stm32l1xx_hal_flash_ex.o
 .text.HAL_FLASHEx_OBGetConfig
                0x0000000000000000       0x38 build/stm32l1xx_hal_flash_ex.o
 .text.HAL_FLASHEx_AdvOBProgram
                0x0000000000000000       0x16 build/stm32l1xx_hal_flash_ex.o
 .text.HAL_FLASHEx_AdvOBGetConfig
                0x0000000000000000       0x1c build/stm32l1xx_hal_flash_ex.o
 .text.HAL_FLASHEx_DATAEEPROM_Unlock
                0x0000000000000000       0x28 build/stm32l1xx_hal_flash_ex.o
 .text.HAL_FLASHEx_DATAEEPROM_Lock
                0x0000000000000000       0x14 build/stm32l1xx_hal_flash_ex.o
 .text.HAL_FLASHEx_DATAEEPROM_Erase
                0x0000000000000000       0x3c build/stm32l1xx_hal_flash_ex.o
 .text.HAL_FLASHEx_DATAEEPROM_Program
                0x0000000000000000       0x8c build/stm32l1xx_hal_flash_ex.o
 .text.HAL_FLASHEx_DATAEEPROM_EnableFixedTimeProgram
                0x0000000000000000       0x10 build/stm32l1xx_hal_flash_ex.o
 .text.HAL_FLASHEx_DATAEEPROM_DisableFixedTimeProgram
                0x0000000000000000       0x10 build/stm32l1xx_hal_flash_ex.o
 .text.FLASH_PageErase
                0x0000000000000000       0x28 build/stm32l1xx_hal_flash_ex.o
 .text.HAL_FLASHEx_Erase
                0x0000000000000000       0x7c build/stm32l1xx_hal_flash_ex.o
 .text.HAL_FLASHEx_Erase_IT
                0x0000000000000000       0x5c build/stm32l1xx_hal_flash_ex.o
 .debug_info    0x0000000000000000     0x1333 build/stm32l1xx_hal_flash_ex.o
 .debug_abbrev  0x0000000000000000      0x2d4 build/stm32l1xx_hal_flash_ex.o
 .debug_loc     0x0000000000000000     0x15b5 build/stm32l1xx_hal_flash_ex.o
 .debug_aranges
                0x0000000000000000      0x110 build/stm32l1xx_hal_flash_ex.o
 .debug_ranges  0x0000000000000000      0x100 build/stm32l1xx_hal_flash_ex.o
 .debug_line    0x0000000000000000      0xde9 build/stm32l1xx_hal_flash_ex.o
 .debug_str     0x0000000000000000      0x8bc build/stm32l1xx_hal_flash_ex.o
 .comment       0x0000000000000000       0x4a build/stm32l1xx_hal_flash_ex.o
 .debug_frame   0x0000000000000000      0x2d8 build/stm32l1xx_hal_flash_ex.o
 .ARM.attributes
                0x0000000000000000       0x2d build/stm32l1xx_hal_flash_ex.o
 .text          0x0000000000000000        0x0 build/stm32l1xx_hal_flash_ramfunc.o
 .data          0x0000000000000000        0x0 build/stm32l1xx_hal_flash_ramfunc.o
 .bss           0x0000000000000000        0x0 build/stm32l1xx_hal_flash_ramfunc.o
 .RamFunc       0x0000000000000000      0x31c build/stm32l1xx_hal_flash_ramfunc.o
 .debug_info    0x0000000000000000      0x894 build/stm32l1xx_hal_flash_ramfunc.o
 .debug_abbrev  0x0000000000000000      0x2e4 build/stm32l1xx_hal_flash_ramfunc.o
 .debug_loc     0x0000000000000000      0x5d2 build/stm32l1xx_hal_flash_ramfunc.o
 .debug_aranges
                0x0000000000000000       0x68 build/stm32l1xx_hal_flash_ramfunc.o
 .debug_ranges  0x0000000000000000       0x58 build/stm32l1xx_hal_flash_ramfunc.o
 .debug_line    0x0000000000000000      0x5c6 build/stm32l1xx_hal_flash_ramfunc.o
 .debug_str     0x0000000000000000      0x4e9 build/stm32l1xx_hal_flash_ramfunc.o
 .comment       0x0000000000000000       0x4a build/stm32l1xx_hal_flash_ramfunc.o
 .debug_frame   0x0000000000000000       0xfc build/stm32l1xx_hal_flash_ramfunc.o
 .ARM.attributes
                0x0000000000000000       0x2d build/stm32l1xx_hal_flash_ramfunc.o
 .text          0x0000000000000000        0x0 build/stm32l1xx_hal_gpio.o
 .data          0x0000000000000000        0x0 build/stm32l1xx_hal_gpio.o
 .bss           0x0000000000000000        0x0 build/stm32l1xx_hal_gpio.o
 .text.HAL_GPIO_DeInit
                0x0000000000000000      0x124 build/stm32l1xx_hal_gpio.o
 .text.HAL_GPIO_ReadPin
                0x0000000000000000        0xe build/stm32l1xx_hal_gpio.o
 .text.HAL_GPIO_LockPin
                0x0000000000000000       0x2e build/stm32l1xx_hal_gpio.o
 .text.HAL_GPIO_EXTI_Callback
                0x0000000000000000        0x2 build/stm32l1xx_hal_gpio.o
 .text.HAL_GPIO_EXTI_IRQHandler
                0x0000000000000000       0x1c build/stm32l1xx_hal_gpio.o
 .text          0x0000000000000000        0x0 build/stm32l1xx_hal_dma.o
 .data          0x0000000000000000        0x0 build/stm32l1xx_hal_dma.o
 .bss           0x0000000000000000        0x0 build/stm32l1xx_hal_dma.o
 .text.DMA_SetConfig
                0x0000000000000000       0x36 build/stm32l1xx_hal_dma.o
 .text.HAL_DMA_Init
                0x0000000000000000       0x98 build/stm32l1xx_hal_dma.o
 .text.HAL_DMA_DeInit
                0x0000000000000000       0x84 build/stm32l1xx_hal_dma.o
 .text.HAL_DMA_Start
                0x0000000000000000       0x52 build/stm32l1xx_hal_dma.o
 .text.HAL_DMA_Start_IT
                0x0000000000000000       0x76 build/stm32l1xx_hal_dma.o
 .text.HAL_DMA_Abort
                0x0000000000000000       0x4a build/stm32l1xx_hal_dma.o
 .text.HAL_DMA_Abort_IT
                0x0000000000000000       0x50 build/stm32l1xx_hal_dma.o
 .text.HAL_DMA_PollForTransfer
                0x0000000000000000       0xe0 build/stm32l1xx_hal_dma.o
 .text.HAL_DMA_IRQHandler
                0x0000000000000000       0xc4 build/stm32l1xx_hal_dma.o
 .text.HAL_DMA_RegisterCallback
                0x0000000000000000       0x4c build/stm32l1xx_hal_dma.o
 .text.HAL_DMA_UnRegisterCallback
                0x0000000000000000       0x5c build/stm32l1xx_hal_dma.o
 .text.HAL_DMA_GetState
                0x0000000000000000        0x6 build/stm32l1xx_hal_dma.o
 .text.HAL_DMA_GetError
                0x0000000000000000        0x4 build/stm32l1xx_hal_dma.o
 .debug_info    0x0000000000000000      0x8af build/stm32l1xx_hal_dma.o
 .debug_abbrev  0x0000000000000000      0x259 build/stm32l1xx_hal_dma.o
 .debug_loc     0x0000000000000000      0x8eb build/stm32l1xx_hal_dma.o
 .debug_aranges
                0x0000000000000000       0x80 build/stm32l1xx_hal_dma.o
 .debug_ranges  0x0000000000000000       0x70 build/stm32l1xx_hal_dma.o
 .debug_line    0x0000000000000000      0x969 build/stm32l1xx_hal_dma.o
 .debug_str     0x0000000000000000      0x5e6 build/stm32l1xx_hal_dma.o
 .comment       0x0000000000000000       0x4a build/stm32l1xx_hal_dma.o
 .debug_frame   0x0000000000000000      0x138 build/stm32l1xx_hal_dma.o
 .ARM.attributes
                0x0000000000000000       0x2d build/stm32l1xx_hal_dma.o
 .text          0x0000000000000000        0x0 build/stm32l1xx_hal_pwr.o
 .data          0x0000000000000000        0x0 build/stm32l1xx_hal_pwr.o
 .bss           0x0000000000000000        0x0 build/stm32l1xx_hal_pwr.o
 .text.HAL_PWR_DeInit
                0x0000000000000000       0x18 build/stm32l1xx_hal_pwr.o
 .text.HAL_PWR_EnableBkUpAccess
                0x0000000000000000       0x1c build/stm32l1xx_hal_pwr.o
 .text.HAL_PWR_DisableBkUpAccess
                0x0000000000000000       0x1c build/stm32l1xx_hal_pwr.o
 .text.HAL_PWR_ConfigPVD
                0x0000000000000000       0x84 build/stm32l1xx_hal_pwr.o
 .text.HAL_PWR_EnablePVD
                0x0000000000000000       0x1a build/stm32l1xx_hal_pwr.o
 .text.HAL_PWR_DisablePVD
                0x0000000000000000       0x1a build/stm32l1xx_hal_pwr.o
 .text.HAL_PWR_EnableWakeUpPin
                0x0000000000000000       0x18 build/stm32l1xx_hal_pwr.o
 .text.HAL_PWR_DisableWakeUpPin
                0x0000000000000000       0x18 build/stm32l1xx_hal_pwr.o
 .text.HAL_PWR_EnterSLEEPMode
                0x0000000000000000       0x30 build/stm32l1xx_hal_pwr.o
 .text.HAL_PWR_EnterSTOPMode
                0x0000000000000000       0x38 build/stm32l1xx_hal_pwr.o
 .text.HAL_PWR_EnterSTANDBYMode
                0x0000000000000000       0x20 build/stm32l1xx_hal_pwr.o
 .text.HAL_PWR_EnableSleepOnExit
                0x0000000000000000       0x10 build/stm32l1xx_hal_pwr.o
 .text.HAL_PWR_DisableSleepOnExit
                0x0000000000000000       0x10 build/stm32l1xx_hal_pwr.o
 .text.HAL_PWR_EnableSEVOnPend
                0x0000000000000000       0x10 build/stm32l1xx_hal_pwr.o
 .text.HAL_PWR_DisableSEVOnPend
                0x0000000000000000       0x10 build/stm32l1xx_hal_pwr.o
 .text.HAL_PWR_PVDCallback
                0x0000000000000000        0x2 build/stm32l1xx_hal_pwr.o
 .text.HAL_PWR_PVD_IRQHandler
                0x0000000000000000       0x20 build/stm32l1xx_hal_pwr.o
 .debug_info    0x0000000000000000      0x82a build/stm32l1xx_hal_pwr.o
 .debug_abbrev  0x0000000000000000      0x216 build/stm32l1xx_hal_pwr.o
 .debug_loc     0x0000000000000000      0x18e build/stm32l1xx_hal_pwr.o
 .debug_aranges
                0x0000000000000000       0xa0 build/stm32l1xx_hal_pwr.o
 .debug_ranges  0x0000000000000000       0x90 build/stm32l1xx_hal_pwr.o
 .debug_line    0x0000000000000000      0x493 build/stm32l1xx_hal_pwr.o
 .debug_str     0x0000000000000000      0x483 build/stm32l1xx_hal_pwr.o
 .comment       0x0000000000000000       0x4a build/stm32l1xx_hal_pwr.o
 .debug_frame   0x0000000000000000      0x128 build/stm32l1xx_hal_pwr.o
 .ARM.attributes
                0x0000000000000000       0x2d build/stm32l1xx_hal_pwr.o
 .text          0x0000000000000000        0x0 build/stm32l1xx_hal_pwr_ex.o
 .data          0x0000000000000000        0x0 build/stm32l1xx_hal_pwr_ex.o
 .bss           0x0000000000000000        0x0 build/stm32l1xx_hal_pwr_ex.o
 .text.HAL_PWREx_GetVoltageRange
                0x0000000000000000       0x10 build/stm32l1xx_hal_pwr_ex.o
 .text.HAL_PWREx_EnableFastWakeUp
                0x0000000000000000       0x1c build/stm32l1xx_hal_pwr_ex.o
 .text.HAL_PWREx_DisableFastWakeUp
                0x0000000000000000       0x1c build/stm32l1xx_hal_pwr_ex.o
 .text.HAL_PWREx_EnableUltraLowPower
                0x0000000000000000       0x1c build/stm32l1xx_hal_pwr_ex.o
 .text.HAL_PWREx_DisableUltraLowPower
                0x0000000000000000       0x1c build/stm32l1xx_hal_pwr_ex.o
 .text.HAL_PWREx_EnableLowPowerRunMode
                0x0000000000000000       0x30 build/stm32l1xx_hal_pwr_ex.o
 .text.HAL_PWREx_DisableLowPowerRunMode
                0x0000000000000000       0x32 build/stm32l1xx_hal_pwr_ex.o
 .debug_info    0x0000000000000000      0x3a3 build/stm32l1xx_hal_pwr_ex.o
 .debug_abbrev  0x0000000000000000      0x15a build/stm32l1xx_hal_pwr_ex.o
 .debug_loc     0x0000000000000000      0x164 build/stm32l1xx_hal_pwr_ex.o
 .debug_aranges
                0x0000000000000000       0x50 build/stm32l1xx_hal_pwr_ex.o
 .debug_ranges  0x0000000000000000       0x40 build/stm32l1xx_hal_pwr_ex.o
 .debug_line    0x0000000000000000      0x373 build/stm32l1xx_hal_pwr_ex.o
 .debug_str     0x0000000000000000      0x2d4 build/stm32l1xx_hal_pwr_ex.o
 .comment       0x0000000000000000       0x4a build/stm32l1xx_hal_pwr_ex.o
 .debug_frame   0x0000000000000000       0x80 build/stm32l1xx_hal_pwr_ex.o
 .ARM.attributes
                0x0000000000000000       0x2d build/stm32l1xx_hal_pwr_ex.o
 .text          0x0000000000000000        0x0 build/stm32l1xx_hal_cortex.o
 .data          0x0000000000000000        0x0 build/stm32l1xx_hal_cortex.o
 .bss           0x0000000000000000        0x0 build/stm32l1xx_hal_cortex.o
 .text.HAL_NVIC_EnableIRQ
                0x0000000000000000       0x1c build/stm32l1xx_hal_cortex.o
 .text.HAL_NVIC_DisableIRQ
                0x0000000000000000       0x24 build/stm32l1xx_hal_cortex.o
 .text.HAL_NVIC_SystemReset
                0x0000000000000000       0x24 build/stm32l1xx_hal_cortex.o
 .text.HAL_MPU_Enable
                0x0000000000000000       0x18 build/stm32l1xx_hal_cortex.o
 .text.HAL_MPU_Disable
                0x0000000000000000       0x14 build/stm32l1xx_hal_cortex.o
 .text.HAL_MPU_ConfigRegion
                0x0000000000000000       0x60 build/stm32l1xx_hal_cortex.o
 .text.HAL_NVIC_GetPriorityGrouping
                0x0000000000000000       0x10 build/stm32l1xx_hal_cortex.o
 .text.HAL_NVIC_GetPriority
                0x0000000000000000       0x60 build/stm32l1xx_hal_cortex.o
 .text.HAL_NVIC_SetPendingIRQ
                0x0000000000000000       0x1c build/stm32l1xx_hal_cortex.o
 .text.HAL_NVIC_GetPendingIRQ
                0x0000000000000000       0x24 build/stm32l1xx_hal_cortex.o
 .text.HAL_NVIC_ClearPendingIRQ
                0x0000000000000000       0x1c build/stm32l1xx_hal_cortex.o
 .text.HAL_NVIC_GetActive
                0x0000000000000000       0x24 build/stm32l1xx_hal_cortex.o
 .text.HAL_SYSTICK_CLKSourceConfig
                0x0000000000000000       0x20 build/stm32l1xx_hal_cortex.o
 .text.HAL_SYSTICK_Callback
                0x0000000000000000        0x2 build/stm32l1xx_hal_cortex.o
 .text.HAL_SYSTICK_IRQHandler
                0x0000000000000000        0x8 build/stm32l1xx_hal_cortex.o
 .text          0x0000000000000000        0x0 build/stm32l1xx_hal_exti.o
 .data          0x0000000000000000        0x0 build/stm32l1xx_hal_exti.o
 .bss           0x0000000000000000        0x0 build/stm32l1xx_hal_exti.o
 .text.HAL_EXTI_SetConfigLine
                0x0000000000000000       0xd8 build/stm32l1xx_hal_exti.o
 .text.HAL_EXTI_GetConfigLine
                0x0000000000000000       0xac build/stm32l1xx_hal_exti.o
 .text.HAL_EXTI_ClearConfigLine
                0x0000000000000000       0x88 build/stm32l1xx_hal_exti.o
 .text.HAL_EXTI_RegisterCallback
                0x0000000000000000        0xe build/stm32l1xx_hal_exti.o
 .text.HAL_EXTI_GetHandle
                0x0000000000000000        0xc build/stm32l1xx_hal_exti.o
 .text.HAL_EXTI_IRQHandler
                0x0000000000000000       0x24 build/stm32l1xx_hal_exti.o
 .text.HAL_EXTI_GetPending
                0x0000000000000000       0x1c build/stm32l1xx_hal_exti.o
 .text.HAL_EXTI_ClearPending
                0x0000000000000000       0x14 build/stm32l1xx_hal_exti.o
 .text.HAL_EXTI_GenerateSWI
                0x0000000000000000       0x14 build/stm32l1xx_hal_exti.o
 .debug_info    0x0000000000000000      0x5e3 build/stm32l1xx_hal_exti.o
 .debug_abbrev  0x0000000000000000      0x200 build/stm32l1xx_hal_exti.o
 .debug_loc     0x0000000000000000      0x550 build/stm32l1xx_hal_exti.o
 .debug_aranges
                0x0000000000000000       0x60 build/stm32l1xx_hal_exti.o
 .debug_ranges  0x0000000000000000       0x50 build/stm32l1xx_hal_exti.o
 .debug_line    0x0000000000000000      0x5d3 build/stm32l1xx_hal_exti.o
 .debug_str     0x0000000000000000      0x397 build/stm32l1xx_hal_exti.o
 .comment       0x0000000000000000       0x4a build/stm32l1xx_hal_exti.o
 .debug_frame   0x0000000000000000       0xe8 build/stm32l1xx_hal_exti.o
 .ARM.attributes
                0x0000000000000000       0x2d build/stm32l1xx_hal_exti.o
 .text          0x0000000000000000        0x0 build/system_stm32l1xx.o
 .data          0x0000000000000000        0x0 build/system_stm32l1xx.o
 .bss           0x0000000000000000        0x0 build/system_stm32l1xx.o
 .text.SystemCoreClockUpdate
                0x0000000000000000       0xc8 build/system_stm32l1xx.o
 .rodata.APBPrescTable
                0x0000000000000000        0x8 build/system_stm32l1xx.o
 .text          0x0000000000000000       0x14 build/startup_stm32l152xe.o
 .data          0x0000000000000000        0x0 build/startup_stm32l152xe.o
 .bss           0x0000000000000000        0x0 build/startup_stm32l152xe.o
 .text          0x0000000000000000        0x0 /home/charles/bin/gcc-arm-none-eabi-10.3-2021.10/bin/../lib/gcc/arm-none-eabi/10.3.1/../../../../arm-none-eabi/lib/thumb/v7-m/nofp/libc_nano.a(lib_a-exit.o)
 .data          0x0000000000000000        0x0 /home/charles/bin/gcc-arm-none-eabi-10.3-2021.10/bin/../lib/gcc/arm-none-eabi/10.3.1/../../../../arm-none-eabi/lib/thumb/v7-m/nofp/libc_nano.a(lib_a-exit.o)
 .bss           0x0000000000000000        0x0 /home/charles/bin/gcc-arm-none-eabi-10.3-2021.10/bin/../lib/gcc/arm-none-eabi/10.3.1/../../../../arm-none-eabi/lib/thumb/v7-m/nofp/libc_nano.a(lib_a-exit.o)
 .text.exit     0x0000000000000000       0x28 /home/charles/bin/gcc-arm-none-eabi-10.3-2021.10/bin/../lib/gcc/arm-none-eabi/10.3.1/../../../../arm-none-eabi/lib/thumb/v7-m/nofp/libc_nano.a(lib_a-exit.o)
 .debug_frame   0x0000000000000000       0x28 /home/charles/bin/gcc-arm-none-eabi-10.3-2021.10/bin/../lib/gcc/arm-none-eabi/10.3.1/../../../../arm-none-eabi/lib/thumb/v7-m/nofp/libc_nano.a(lib_a-exit.o)
 .ARM.attributes
                0x0000000000000000       0x2d /home/charles/bin/gcc-arm-none-eabi-10.3-2021.10/bin/../lib/gcc/arm-none-eabi/10.3.1/../../../../arm-none-eabi/lib/thumb/v7-m/nofp/libc_nano.a(lib_a-exit.o)
 .text          0x0000000000000000        0x0 /home/charles/bin/gcc-arm-none-eabi-10.3-2021.10/bin/../lib/gcc/arm-none-eabi/10.3.1/../../../../arm-none-eabi/lib/thumb/v7-m/nofp/libc_nano.a(lib_a-impure.o)
 .data          0x0000000000000000        0x0 /home/charles/bin/gcc-arm-none-eabi-10.3-2021.10/bin/../lib/gcc/arm-none-eabi/10.3.1/../../../../arm-none-eabi/lib/thumb/v7-m/nofp/libc_nano.a(lib_a-impure.o)
 .bss           0x0000000000000000        0x0 /home/charles/bin/gcc-arm-none-eabi-10.3-2021.10/bin/../lib/gcc/arm-none-eabi/10.3.1/../../../../arm-none-eabi/lib/thumb/v7-m/nofp/libc_nano.a(lib_a-impure.o)
 .data._impure_ptr
                0x0000000000000000        0x4 /home/charles/bin/gcc-arm-none-eabi-10.3-2021.10/bin/../lib/gcc/arm-none-eabi/10.3.1/../../../../arm-none-eabi/lib/thumb/v7-m/nofp/libc_nano.a(lib_a-impure.o)
 .data.impure_data
                0x0000000000000000       0x60 /home/charles/bin/gcc-arm-none-eabi-10.3-2021.10/bin/../lib/gcc/arm-none-eabi/10.3.1/../../../../arm-none-eabi/lib/thumb/v7-m/nofp/libc_nano.a(lib_a-impure.o)
 .rodata._global_impure_ptr
                0x0000000000000000        0x4 /home/charles/bin/gcc-arm-none-eabi-10.3-2021.10/bin/../lib/gcc/arm-none-eabi/10.3.1/../../../../arm-none-eabi/lib/thumb/v7-m/nofp/libc_nano.a(lib_a-impure.o)
 .ARM.attributes
                0x0000000000000000       0x2d /home/charles/bin/gcc-arm-none-eabi-10.3-2021.10/bin/../lib/gcc/arm-none-eabi/10.3.1/../../../../arm-none-eabi/lib/thumb/v7-m/nofp/libc_nano.a(lib_a-impure.o)
 .text          0x0000000000000000        0x0 /home/charles/bin/gcc-arm-none-eabi-10.3-2021.10/bin/../lib/gcc/arm-none-eabi/10.3.1/../../../../arm-none-eabi/lib/thumb/v7-m/nofp/libc_nano.a(lib_a-init.o)
 .data          0x0000000000000000        0x0 /home/charles/bin/gcc-arm-none-eabi-10.3-2021.10/bin/../lib/gcc/arm-none-eabi/10.3.1/../../../../arm-none-eabi/lib/thumb/v7-m/nofp/libc_nano.a(lib_a-init.o)
 .bss           0x0000000000000000        0x0 /home/charles/bin/gcc-arm-none-eabi-10.3-2021.10/bin/../lib/gcc/arm-none-eabi/10.3.1/../../../../arm-none-eabi/lib/thumb/v7-m/nofp/libc_nano.a(lib_a-init.o)
 .text          0x0000000000000000        0x0 /home/charles/bin/gcc-arm-none-eabi-10.3-2021.10/bin/../lib/gcc/arm-none-eabi/10.3.1/../../../../arm-none-eabi/lib/thumb/v7-m/nofp/libc_nano.a(lib_a-memset.o)
 .data          0x0000000000000000        0x0 /home/charles/bin/gcc-arm-none-eabi-10.3-2021.10/bin/../lib/gcc/arm-none-eabi/10.3.1/../../../../arm-none-eabi/lib/thumb/v7-m/nofp/libc_nano.a(lib_a-memset.o)
 .bss           0x0000000000000000        0x0 /home/charles/bin/gcc-arm-none-eabi-10.3-2021.10/bin/../lib/gcc/arm-none-eabi/10.3.1/../../../../arm-none-eabi/lib/thumb/v7-m/nofp/libc_nano.a(lib_a-memset.o)
 .text          0x0000000000000000        0x0 /home/charles/bin/gcc-arm-none-eabi-10.3-2021.10/bin/../lib/gcc/arm-none-eabi/10.3.1/../../../../arm-none-eabi/lib/thumb/v7-m/nofp/libnosys.a(_exit.o)
 .data          0x0000000000000000        0x0 /home/charles/bin/gcc-arm-none-eabi-10.3-2021.10/bin/../lib/gcc/arm-none-eabi/10.3.1/../../../../arm-none-eabi/lib/thumb/v7-m/nofp/libnosys.a(_exit.o)
 .bss           0x0000000000000000        0x0 /home/charles/bin/gcc-arm-none-eabi-10.3-2021.10/bin/../lib/gcc/arm-none-eabi/10.3.1/../../../../arm-none-eabi/lib/thumb/v7-m/nofp/libnosys.a(_exit.o)
 .text._exit    0x0000000000000000        0x4 /home/charles/bin/gcc-arm-none-eabi-10.3-2021.10/bin/../lib/gcc/arm-none-eabi/10.3.1/../../../../arm-none-eabi/lib/thumb/v7-m/nofp/libnosys.a(_exit.o)
 .debug_frame   0x0000000000000000       0x20 /home/charles/bin/gcc-arm-none-eabi-10.3-2021.10/bin/../lib/gcc/arm-none-eabi/10.3.1/../../../../arm-none-eabi/lib/thumb/v7-m/nofp/libnosys.a(_exit.o)
 .ARM.attributes
                0x0000000000000000       0x2d /home/charles/bin/gcc-arm-none-eabi-10.3-2021.10/bin/../lib/gcc/arm-none-eabi/10.3.1/../../../../arm-none-eabi/lib/thumb/v7-m/nofp/libnosys.a(_exit.o)
 .data          0x0000000000000000        0x0 /home/charles/bin/gcc-arm-none-eabi-10.3-2021.10/bin/../lib/gcc/arm-none-eabi/10.3.1/thumb/v7-m/nofp/libgcc.a(_aeabi_uldivmod.o)
 .bss           0x0000000000000000        0x0 /home/charles/bin/gcc-arm-none-eabi-10.3-2021.10/bin/../lib/gcc/arm-none-eabi/10.3.1/thumb/v7-m/nofp/libgcc.a(_aeabi_uldivmod.o)
 .data          0x0000000000000000        0x0 /home/charles/bin/gcc-arm-none-eabi-10.3-2021.10/bin/../lib/gcc/arm-none-eabi/10.3.1/thumb/v7-m/nofp/libgcc.a(_udivmoddi4.o)
 .bss           0x0000000000000000        0x0 /home/charles/bin/gcc-arm-none-eabi-10.3-2021.10/bin/../lib/gcc/arm-none-eabi/10.3.1/thumb/v7-m/nofp/libgcc.a(_udivmoddi4.o)
 .ARM.extab     0x0000000000000000        0x0 /home/charles/bin/gcc-arm-none-eabi-10.3-2021.10/bin/../lib/gcc/arm-none-eabi/10.3.1/thumb/v7-m/nofp/libgcc.a(_udivmoddi4.o)
 .data          0x0000000000000000        0x0 /home/charles/bin/gcc-arm-none-eabi-10.3-2021.10/bin/../lib/gcc/arm-none-eabi/10.3.1/thumb/v7-m/nofp/libgcc.a(_dvmd_tls.o)
 .bss           0x0000000000000000        0x0 /home/charles/bin/gcc-arm-none-eabi-10.3-2021.10/bin/../lib/gcc/arm-none-eabi/10.3.1/thumb/v7-m/nofp/libgcc.a(_dvmd_tls.o)
 .text          0x0000000000000000        0x0 /home/charles/bin/gcc-arm-none-eabi-10.3-2021.10/bin/../lib/gcc/arm-none-eabi/10.3.1/thumb/v7-m/nofp/crtend.o
 .data          0x0000000000000000        0x0 /home/charles/bin/gcc-arm-none-eabi-10.3-2021.10/bin/../lib/gcc/arm-none-eabi/10.3.1/thumb/v7-m/nofp/crtend.o
 .bss           0x0000000000000000        0x0 /home/charles/bin/gcc-arm-none-eabi-10.3-2021.10/bin/../lib/gcc/arm-none-eabi/10.3.1/thumb/v7-m/nofp/crtend.o
 .rodata        0x0000000000000000       0x24 /home/charles/bin/gcc-arm-none-eabi-10.3-2021.10/bin/../lib/gcc/arm-none-eabi/10.3.1/thumb/v7-m/nofp/crtend.o
 .eh_frame      0x0000000000000000        0x4 /home/charles/bin/gcc-arm-none-eabi-10.3-2021.10/bin/../lib/gcc/arm-none-eabi/10.3.1/thumb/v7-m/nofp/crtend.o
 .ARM.attributes
                0x0000000000000000       0x2d /home/charles/bin/gcc-arm-none-eabi-10.3-2021.10/bin/../lib/gcc/arm-none-eabi/10.3.1/thumb/v7-m/nofp/crtend.o
 .text          0x0000000000000000        0x0 /home/charles/bin/gcc-arm-none-eabi-10.3-2021.10/bin/../lib/gcc/arm-none-eabi/10.3.1/thumb/v7-m/nofp/crtn.o
 .data          0x0000000000000000        0x0 /home/charles/bin/gcc-arm-none-eabi-10.3-2021.10/bin/../lib/gcc/arm-none-eabi/10.3.1/thumb/v7-m/nofp/crtn.o
 .bss           0x0000000000000000        0x0 /home/charles/bin/gcc-arm-none-eabi-10.3-2021.10/bin/../lib/gcc/arm-none-eabi/10.3.1/thumb/v7-m/nofp/crtn.o

Memory Configuration

Name             Origin             Length             Attributes
RAM              0x0000000020000000 0x0000000000014000 xrw
FLASH            0x0000000008000000 0x0000000000080000 xr
*default*        0x0000000000000000 0xffffffffffffffff

Linker script and memory map

LOAD /home/charles/bin/gcc-arm-none-eabi-10.3-2021.10/bin/../lib/gcc/arm-none-eabi/10.3.1/thumb/v7-m/nofp/crti.o
LOAD /home/charles/bin/gcc-arm-none-eabi-10.3-2021.10/bin/../lib/gcc/arm-none-eabi/10.3.1/thumb/v7-m/nofp/crtbegin.o
LOAD /home/charles/bin/gcc-arm-none-eabi-10.3-2021.10/bin/../lib/gcc/arm-none-eabi/10.3.1/../../../../arm-none-eabi/lib/thumb/v7-m/nofp/crt0.o
LOAD build/main.o
LOAD build/stm32l1xx_it.o
LOAD build/stm32l1xx_hal_msp.o
LOAD build/stm32l1xx_hal_tim.o
LOAD build/stm32l1xx_hal_tim_ex.o
LOAD build/stm32l1xx_hal.o
LOAD build/stm32l1xx_hal_rcc.o
LOAD build/stm32l1xx_hal_rcc_ex.o
LOAD build/stm32l1xx_hal_flash.o
LOAD build/stm32l1xx_hal_flash_ex.o
LOAD build/stm32l1xx_hal_flash_ramfunc.o
LOAD build/stm32l1xx_hal_gpio.o
LOAD build/stm32l1xx_hal_dma.o
LOAD build/stm32l1xx_hal_pwr.o
LOAD build/stm32l1xx_hal_pwr_ex.o
LOAD build/stm32l1xx_hal_cortex.o
LOAD build/stm32l1xx_hal_exti.o
LOAD build/system_stm32l1xx.o
LOAD build/startup_stm32l152xe.o
LOAD /home/charles/bin/gcc-arm-none-eabi-10.3-2021.10/bin/../lib/gcc/arm-none-eabi/10.3.1/../../../../arm-none-eabi/lib/thumb/v7-m/nofp/libc_nano.a
LOAD /home/charles/bin/gcc-arm-none-eabi-10.3-2021.10/bin/../lib/gcc/arm-none-eabi/10.3.1/../../../../arm-none-eabi/lib/thumb/v7-m/nofp/libm.a
LOAD /home/charles/bin/gcc-arm-none-eabi-10.3-2021.10/bin/../lib/gcc/arm-none-eabi/10.3.1/../../../../arm-none-eabi/lib/thumb/v7-m/nofp/libnosys.a
START GROUP
LOAD /home/charles/bin/gcc-arm-none-eabi-10.3-2021.10/bin/../lib/gcc/arm-none-eabi/10.3.1/thumb/v7-m/nofp/libgcc.a
LOAD /home/charles/bin/gcc-arm-none-eabi-10.3-2021.10/bin/../lib/gcc/arm-none-eabi/10.3.1/../../../../arm-none-eabi/lib/thumb/v7-m/nofp/libc_nano.a
END GROUP
START GROUP
LOAD /home/charles/bin/gcc-arm-none-eabi-10.3-2021.10/bin/../lib/gcc/arm-none-eabi/10.3.1/thumb/v7-m/nofp/libgcc.a
LOAD /home/charles/bin/gcc-arm-none-eabi-10.3-2021.10/bin/../lib/gcc/arm-none-eabi/10.3.1/../../../../arm-none-eabi/lib/thumb/v7-m/nofp/libc_nano.a
END GROUP
LOAD /home/charles/bin/gcc-arm-none-eabi-10.3-2021.10/bin/../lib/gcc/arm-none-eabi/10.3.1/thumb/v7-m/nofp/crtend.o
LOAD /home/charles/bin/gcc-arm-none-eabi-10.3-2021.10/bin/../lib/gcc/arm-none-eabi/10.3.1/thumb/v7-m/nofp/crtn.o
                0x0000000020014000                _estack = (ORIGIN (RAM) + LENGTH (RAM))
                0x0000000000000200                _Min_Heap_Size = 0x200
                0x0000000000000400                _Min_Stack_Size = 0x400

.isr_vector     0x0000000008000000      0x13c
                0x0000000008000000                . = ALIGN (0x4)
 *(.isr_vector)
 .isr_vector    0x0000000008000000      0x13c build/startup_stm32l152xe.o
                0x0000000008000000                g_pfnVectors
                0x000000000800013c                . = ALIGN (0x4)

.text           0x000000000800013c     0x10d4
                0x000000000800013c                . = ALIGN (0x4)
 *(.text)
 .text          0x000000000800013c       0x40 /home/charles/bin/gcc-arm-none-eabi-10.3-2021.10/bin/../lib/gcc/arm-none-eabi/10.3.1/thumb/v7-m/nofp/crtbegin.o
 .text          0x000000000800017c       0x30 /home/charles/bin/gcc-arm-none-eabi-10.3-2021.10/bin/../lib/gcc/arm-none-eabi/10.3.1/thumb/v7-m/nofp/libgcc.a(_aeabi_uldivmod.o)
                0x000000000800017c                __aeabi_uldivmod
 .text          0x00000000080001ac      0x2d4 /home/charles/bin/gcc-arm-none-eabi-10.3-2021.10/bin/../lib/gcc/arm-none-eabi/10.3.1/thumb/v7-m/nofp/libgcc.a(_udivmoddi4.o)
                0x00000000080001ac                __udivmoddi4
 .text          0x0000000008000480        0x4 /home/charles/bin/gcc-arm-none-eabi-10.3-2021.10/bin/../lib/gcc/arm-none-eabi/10.3.1/thumb/v7-m/nofp/libgcc.a(_dvmd_tls.o)
                0x0000000008000480                __aeabi_ldiv0
                0x0000000008000480                __aeabi_idiv0
 *(.text*)
 .text.MX_GPIO_Init
                0x0000000008000484       0x50 build/main.o
 .text.Error_Handler
                0x00000000080004d4        0x4 build/main.o
                0x00000000080004d4                Error_Handler
 .text.SystemClock_Config
                0x00000000080004d8       0x6c build/main.o
                0x00000000080004d8                SystemClock_Config
 .text.main     0x0000000008000544       0x24 build/main.o
                0x0000000008000544                main
 .text.NMI_Handler
                0x0000000008000568        0x2 build/stm32l1xx_it.o
                0x0000000008000568                NMI_Handler
 .text.HardFault_Handler
                0x000000000800056a        0x2 build/stm32l1xx_it.o
                0x000000000800056a                HardFault_Handler
 .text.MemManage_Handler
                0x000000000800056c        0x2 build/stm32l1xx_it.o
                0x000000000800056c                MemManage_Handler
 .text.BusFault_Handler
                0x000000000800056e        0x2 build/stm32l1xx_it.o
                0x000000000800056e                BusFault_Handler
 .text.UsageFault_Handler
                0x0000000008000570        0x2 build/stm32l1xx_it.o
                0x0000000008000570                UsageFault_Handler
 .text.SVC_Handler
                0x0000000008000572        0x2 build/stm32l1xx_it.o
                0x0000000008000572                SVC_Handler
 .text.DebugMon_Handler
                0x0000000008000574        0x2 build/stm32l1xx_it.o
                0x0000000008000574                DebugMon_Handler
 .text.PendSV_Handler
                0x0000000008000576        0x2 build/stm32l1xx_it.o
                0x0000000008000576                PendSV_Handler
 .text.SysTick_Handler
                0x0000000008000578        0x8 build/stm32l1xx_it.o
                0x0000000008000578                SysTick_Handler
 .text.HAL_MspInit
                0x0000000008000580       0x44 build/stm32l1xx_hal_msp.o
                0x0000000008000580                HAL_MspInit
 .text.HAL_InitTick
                0x00000000080005c4       0x50 build/stm32l1xx_hal.o
                0x00000000080005c4                HAL_InitTick
 .text.HAL_Init
                0x0000000008000614       0x1e build/stm32l1xx_hal.o
                0x0000000008000614                HAL_Init
 *fill*         0x0000000008000632        0x2 
 .text.HAL_IncTick
                0x0000000008000634       0x18 build/stm32l1xx_hal.o
                0x0000000008000634                HAL_IncTick
 .text.HAL_GetTick
                0x000000000800064c        0xc build/stm32l1xx_hal.o
                0x000000000800064c                HAL_GetTick
 .text.HAL_Delay
                0x0000000008000658       0x28 build/stm32l1xx_hal.o
                0x0000000008000658                HAL_Delay
 .text.RCC_SetFlashLatencyFromMSIRange
                0x0000000008000680       0x90 build/stm32l1xx_hal_rcc.o
 .text.HAL_RCC_OscConfig
                0x0000000008000710      0x4f8 build/stm32l1xx_hal_rcc.o
                0x0000000008000710                HAL_RCC_OscConfig
 .text.HAL_RCC_GetSysClockFreq
                0x0000000008000c08       0xa8 build/stm32l1xx_hal_rcc.o
                0x0000000008000c08                HAL_RCC_GetSysClockFreq
 .text.HAL_RCC_ClockConfig
                0x0000000008000cb0      0x1dc build/stm32l1xx_hal_rcc.o
                0x0000000008000cb0                HAL_RCC_ClockConfig
 .text.HAL_GPIO_Init
                0x0000000008000e8c      0x1e8 build/stm32l1xx_hal_gpio.o
                0x0000000008000e8c                HAL_GPIO_Init
 .text.HAL_GPIO_WritePin
                0x0000000008001074        0xc build/stm32l1xx_hal_gpio.o
                0x0000000008001074                HAL_GPIO_WritePin
 .text.HAL_GPIO_TogglePin
                0x0000000008001080       0x12 build/stm32l1xx_hal_gpio.o
                0x0000000008001080                HAL_GPIO_TogglePin
 *fill*         0x0000000008001092        0x2 
 .text.HAL_NVIC_SetPriorityGrouping
                0x0000000008001094       0x24 build/stm32l1xx_hal_cortex.o
                0x0000000008001094                HAL_NVIC_SetPriorityGrouping
 .text.HAL_NVIC_SetPriority
                0x00000000080010b8       0x70 build/stm32l1xx_hal_cortex.o
                0x00000000080010b8                HAL_NVIC_SetPriority
 .text.HAL_SYSTICK_Config
                0x0000000008001128       0x28 build/stm32l1xx_hal_cortex.o
                0x0000000008001128                HAL_SYSTICK_Config
 .text.SystemInit
                0x0000000008001150        0x2 build/system_stm32l1xx.o
                0x0000000008001150                SystemInit
 *fill*         0x0000000008001152        0x2 
 .text.Reset_Handler
                0x0000000008001154       0x48 build/startup_stm32l152xe.o
                0x0000000008001154                Reset_Handler
 .text.Default_Handler
                0x000000000800119c        0x2 build/startup_stm32l152xe.o
                0x000000000800119c                RTC_Alarm_IRQHandler
                0x000000000800119c                EXTI2_IRQHandler
                0x000000000800119c                COMP_ACQ_IRQHandler
                0x000000000800119c                TIM10_IRQHandler
                0x000000000800119c                USB_HP_IRQHandler
                0x000000000800119c                TIM6_IRQHandler
                0x000000000800119c                PVD_IRQHandler
                0x000000000800119c                EXTI3_IRQHandler
                0x000000000800119c                EXTI0_IRQHandler
                0x000000000800119c                I2C2_EV_IRQHandler
                0x000000000800119c                SPI1_IRQHandler
                0x000000000800119c                USB_FS_WKUP_IRQHandler
                0x000000000800119c                DMA2_Channel2_IRQHandler
                0x000000000800119c                DMA1_Channel4_IRQHandler
                0x000000000800119c                ADC1_IRQHandler
                0x000000000800119c                USART3_IRQHandler
                0x000000000800119c                DMA1_Channel7_IRQHandler
                0x000000000800119c                LCD_IRQHandler
                0x000000000800119c                UART5_IRQHandler
                0x000000000800119c                TIM4_IRQHandler
                0x000000000800119c                DMA2_Channel1_IRQHandler
                0x000000000800119c                I2C1_EV_IRQHandler
                0x000000000800119c                DMA1_Channel6_IRQHandler
                0x000000000800119c                UART4_IRQHandler
                0x000000000800119c                DMA2_Channel4_IRQHandler
                0x000000000800119c                TIM3_IRQHandler
                0x000000000800119c                RCC_IRQHandler
                0x000000000800119c                DMA1_Channel1_IRQHandler
                0x000000000800119c                Default_Handler
                0x000000000800119c                EXTI15_10_IRQHandler
                0x000000000800119c                TIM7_IRQHandler
                0x000000000800119c                TIM5_IRQHandler
                0x000000000800119c                EXTI9_5_IRQHandler
                0x000000000800119c                TIM9_IRQHandler
                0x000000000800119c                TAMPER_STAMP_IRQHandler
                0x000000000800119c                RTC_WKUP_IRQHandler
                0x000000000800119c                SPI2_IRQHandler
                0x000000000800119c                DMA2_Channel5_IRQHandler
                0x000000000800119c                DMA1_Channel5_IRQHandler
                0x000000000800119c                USB_LP_IRQHandler
                0x000000000800119c                EXTI4_IRQHandler
                0x000000000800119c                DMA1_Channel3_IRQHandler
                0x000000000800119c                COMP_IRQHandler
                0x000000000800119c                WWDG_IRQHandler
                0x000000000800119c                TIM2_IRQHandler
                0x000000000800119c                DAC_IRQHandler
                0x000000000800119c                EXTI1_IRQHandler
                0x000000000800119c                TIM11_IRQHandler
                0x000000000800119c                USART2_IRQHandler
                0x000000000800119c                I2C2_ER_IRQHandler
                0x000000000800119c                DMA1_Channel2_IRQHandler
                0x000000000800119c                FLASH_IRQHandler
                0x000000000800119c                USART1_IRQHandler
                0x000000000800119c                SPI3_IRQHandler
                0x000000000800119c                I2C1_ER_IRQHandler
                0x000000000800119c                DMA2_Channel3_IRQHandler
 *fill*         0x000000000800119e        0x2 
 .text.__libc_init_array
                0x00000000080011a0       0x48 /home/charles/bin/gcc-arm-none-eabi-10.3-2021.10/bin/../lib/gcc/arm-none-eabi/10.3.1/../../../../arm-none-eabi/lib/thumb/v7-m/nofp/libc_nano.a(lib_a-init.o)
                0x00000000080011a0                __libc_init_array
 .text.memset   0x00000000080011e8       0x10 /home/charles/bin/gcc-arm-none-eabi-10.3-2021.10/bin/../lib/gcc/arm-none-eabi/10.3.1/../../../../arm-none-eabi/lib/thumb/v7-m/nofp/libc_nano.a(lib_a-memset.o)
                0x00000000080011e8                memset
 *(.glue_7)
 .glue_7        0x00000000080011f8        0x0 linker stubs
 *(.glue_7t)
 .glue_7t       0x00000000080011f8        0x0 linker stubs
 *(.eh_frame)
 .eh_frame      0x00000000080011f8        0x0 /home/charles/bin/gcc-arm-none-eabi-10.3-2021.10/bin/../lib/gcc/arm-none-eabi/10.3.1/thumb/v7-m/nofp/crtbegin.o
 *(.init)
 .init          0x00000000080011f8        0x4 /home/charles/bin/gcc-arm-none-eabi-10.3-2021.10/bin/../lib/gcc/arm-none-eabi/10.3.1/thumb/v7-m/nofp/crti.o
                0x00000000080011f8                _init
 .init          0x00000000080011fc        0x8 /home/charles/bin/gcc-arm-none-eabi-10.3-2021.10/bin/../lib/gcc/arm-none-eabi/10.3.1/thumb/v7-m/nofp/crtn.o
 *(.fini)
 .fini          0x0000000008001204        0x4 /home/charles/bin/gcc-arm-none-eabi-10.3-2021.10/bin/../lib/gcc/arm-none-eabi/10.3.1/thumb/v7-m/nofp/crti.o
                0x0000000008001204                _fini
 .fini          0x0000000008001208        0x8 /home/charles/bin/gcc-arm-none-eabi-10.3-2021.10/bin/../lib/gcc/arm-none-eabi/10.3.1/thumb/v7-m/nofp/crtn.o
                0x0000000008001210                . = ALIGN (0x4)
                0x0000000008001210                _etext = .

.vfp11_veneer   0x0000000008001210        0x0
 .vfp11_veneer  0x0000000008001210        0x0 linker stubs

.v4_bx          0x0000000008001210        0x0
 .v4_bx         0x0000000008001210        0x0 linker stubs

.iplt           0x0000000008001210        0x0
 .iplt          0x0000000008001210        0x0 /home/charles/bin/gcc-arm-none-eabi-10.3-2021.10/bin/../lib/gcc/arm-none-eabi/10.3.1/thumb/v7-m/nofp/crtbegin.o

.rodata         0x0000000008001210       0x1c
                0x0000000008001210                . = ALIGN (0x4)
 *(.rodata)
 *(.rodata*)
 .rodata.AHBPrescTable
                0x0000000008001210       0x10 build/system_stm32l1xx.o
                0x0000000008001210                AHBPrescTable
 .rodata.PLLMulTable
                0x0000000008001220        0x9 build/system_stm32l1xx.o
                0x0000000008001220                PLLMulTable
                0x000000000800122c                . = ALIGN (0x4)
 *fill*         0x0000000008001229        0x3 

.ARM.extab
 *(.ARM.extab* .gnu.linkonce.armextab.*)

.ARM            0x000000000800122c        0x8
                0x000000000800122c                __exidx_start = .
 *(.ARM.exidx*)
 .ARM.exidx     0x000000000800122c        0x8 /home/charles/bin/gcc-arm-none-eabi-10.3-2021.10/bin/../lib/gcc/arm-none-eabi/10.3.1/thumb/v7-m/nofp/libgcc.a(_udivmoddi4.o)
                0x0000000008001234                __exidx_end = .

.rel.dyn        0x0000000008001234        0x0
 .rel.iplt      0x0000000008001234        0x0 /home/charles/bin/gcc-arm-none-eabi-10.3-2021.10/bin/../lib/gcc/arm-none-eabi/10.3.1/thumb/v7-m/nofp/crtbegin.o

.preinit_array  0x0000000008001234        0x0
                0x0000000008001234                PROVIDE (__preinit_array_start = .)
 *(.preinit_array*)
                0x0000000008001234                PROVIDE (__preinit_array_end = .)

.init_array     0x0000000008001234        0x4
                0x0000000008001234                PROVIDE (__init_array_start = .)
 *(SORT_BY_NAME(.init_array.*))
 *(.init_array*)
 .init_array    0x0000000008001234        0x4 /home/charles/bin/gcc-arm-none-eabi-10.3-2021.10/bin/../lib/gcc/arm-none-eabi/10.3.1/thumb/v7-m/nofp/crtbegin.o
                0x0000000008001238                PROVIDE (__init_array_end = .)

.fini_array     0x0000000008001238        0x4
                [!provide]                        PROVIDE (__fini_array_start = .)
 *(SORT_BY_NAME(.fini_array.*))
 *(.fini_array*)
 .fini_array    0x0000000008001238        0x4 /home/charles/bin/gcc-arm-none-eabi-10.3-2021.10/bin/../lib/gcc/arm-none-eabi/10.3.1/thumb/v7-m/nofp/crtbegin.o
                [!provide]                        PROVIDE (__fini_array_end = .)
                0x000000000800123c                _sidata = LOADADDR (.data)

.data           0x0000000020000000        0xc load address 0x000000000800123c
                0x0000000020000000                . = ALIGN (0x4)
                0x0000000020000000                _sdata = .
 *(.data)
 *(.data*)
 .data.uwTickFreq
                0x0000000020000000        0x4 build/stm32l1xx_hal.o
                0x0000000020000000                uwTickFreq
 .data.uwTickPrio
                0x0000000020000004        0x4 build/stm32l1xx_hal.o
                0x0000000020000004                uwTickPrio
 .data.SystemCoreClock
                0x0000000020000008        0x4 build/system_stm32l1xx.o
                0x0000000020000008                SystemCoreClock
                0x000000002000000c                . = ALIGN (0x4)
                0x000000002000000c                _edata = .

.igot.plt       0x000000002000000c        0x0 load address 0x0000000008001248
 .igot.plt      0x000000002000000c        0x0 /home/charles/bin/gcc-arm-none-eabi-10.3-2021.10/bin/../lib/gcc/arm-none-eabi/10.3.1/thumb/v7-m/nofp/crtbegin.o
                0x000000002000000c                . = ALIGN (0x4)

.bss            0x000000002000000c       0x20 load address 0x0000000008001248
                0x000000002000000c                _sbss = .
                0x000000002000000c                __bss_start__ = _sbss
 *(.bss)
 .bss           0x000000002000000c       0x1c /home/charles/bin/gcc-arm-none-eabi-10.3-2021.10/bin/../lib/gcc/arm-none-eabi/10.3.1/thumb/v7-m/nofp/crtbegin.o
 *(.bss*)
 .bss.uwTick    0x0000000020000028        0x4 build/stm32l1xx_hal.o
                0x0000000020000028                uwTick
 *(COMMON)
                0x000000002000002c                . = ALIGN (0x4)
                0x000000002000002c                _ebss = .
                0x000000002000002c                __bss_end__ = _ebss

._user_heap_stack
                0x000000002000002c      0x604 load address 0x0000000008001248
                0x0000000020000030                . = ALIGN (0x8)
 *fill*         0x000000002000002c        0x4 
                [!provide]                        PROVIDE (end = .)
                [!provide]                        PROVIDE (_end = .)
                0x0000000020000230                . = (. + _Min_Heap_Size)
 *fill*         0x0000000020000030      0x200 
                0x0000000020000630                . = (. + _Min_Stack_Size)
 *fill*         0x0000000020000230      0x400 
                0x0000000020000630                . = ALIGN (0x8)

/DISCARD/
 libc.a(*)
 libm.a(*)
 libgcc.a(*)

.ARM.attributes
                0x0000000000000000       0x29
 *(.ARM.attributes)
 .ARM.attributes
                0x0000000000000000       0x1d /home/charles/bin/gcc-arm-none-eabi-10.3-2021.10/bin/../lib/gcc/arm-none-eabi/10.3.1/thumb/v7-m/nofp/crti.o
 .ARM.attributes
                0x000000000000001d       0x2d /home/charles/bin/gcc-arm-none-eabi-10.3-2021.10/bin/../lib/gcc/arm-none-eabi/10.3.1/thumb/v7-m/nofp/crtbegin.o
 .ARM.attributes
                0x000000000000004a       0x2d build/main.o
 .ARM.attributes
                0x0000000000000077       0x2d build/stm32l1xx_it.o
 .ARM.attributes
                0x00000000000000a4       0x2d build/stm32l1xx_hal_msp.o
 .ARM.attributes
                0x00000000000000d1       0x2d build/stm32l1xx_hal.o
 .ARM.attributes
                0x00000000000000fe       0x2d build/stm32l1xx_hal_rcc.o
 .ARM.attributes
                0x000000000000012b       0x2d build/stm32l1xx_hal_gpio.o
 .ARM.attributes
                0x0000000000000158       0x2d build/stm32l1xx_hal_cortex.o
 .ARM.attributes
                0x0000000000000185       0x2d build/system_stm32l1xx.o
 .ARM.attributes
                0x00000000000001b2       0x21 build/startup_stm32l152xe.o
 .ARM.attributes
                0x00000000000001d3       0x2d /home/charles/bin/gcc-arm-none-eabi-10.3-2021.10/bin/../lib/gcc/arm-none-eabi/10.3.1/../../../../arm-none-eabi/lib/thumb/v7-m/nofp/libc_nano.a(lib_a-init.o)
 .ARM.attributes
                0x0000000000000200       0x2d /home/charles/bin/gcc-arm-none-eabi-10.3-2021.10/bin/../lib/gcc/arm-none-eabi/10.3.1/../../../../arm-none-eabi/lib/thumb/v7-m/nofp/libc_nano.a(lib_a-memset.o)
 .ARM.attributes
                0x000000000000022d       0x1d /home/charles/bin/gcc-arm-none-eabi-10.3-2021.10/bin/../lib/gcc/arm-none-eabi/10.3.1/thumb/v7-m/nofp/libgcc.a(_aeabi_uldivmod.o)
 .ARM.attributes
                0x000000000000024a       0x2d /home/charles/bin/gcc-arm-none-eabi-10.3-2021.10/bin/../lib/gcc/arm-none-eabi/10.3.1/thumb/v7-m/nofp/libgcc.a(_udivmoddi4.o)
 .ARM.attributes
                0x0000000000000277       0x1d /home/charles/bin/gcc-arm-none-eabi-10.3-2021.10/bin/../lib/gcc/arm-none-eabi/10.3.1/thumb/v7-m/nofp/libgcc.a(_dvmd_tls.o)
 .ARM.attributes
                0x0000000000000294       0x1d /home/charles/bin/gcc-arm-none-eabi-10.3-2021.10/bin/../lib/gcc/arm-none-eabi/10.3.1/thumb/v7-m/nofp/crtn.o
OUTPUT(build/led.elf elf32-littlearm)
LOAD linker stubs
LOAD /home/charles/bin/gcc-arm-none-eabi-10.3-2021.10/bin/../lib/gcc/arm-none-eabi/10.3.1/../../../../arm-none-eabi/lib/thumb/v7-m/nofp/libc.a
LOAD /home/charles/bin/gcc-arm-none-eabi-10.3-2021.10/bin/../lib/gcc/arm-none-eabi/10.3.1/../../../../arm-none-eabi/lib/thumb/v7-m/nofp/libm.a
LOAD /home/charles/bin/gcc-arm-none-eabi-10.3-2021.10/bin/../lib/gcc/arm-none-eabi/10.3.1/thumb/v7-m/nofp/libgcc.a

.debug_info     0x0000000000000000     0x3a53
 .debug_info    0x0000000000000000      0x6e7 build/main.o
 .debug_info    0x00000000000006e7      0x15b build/stm32l1xx_it.o
 .debug_info    0x0000000000000842      0x1f6 build/stm32l1xx_hal_msp.o
 .debug_info    0x0000000000000a38      0x84a build/stm32l1xx_hal.o
 .debug_info    0x0000000000001282      0xcff build/stm32l1xx_hal_rcc.o
 .debug_info    0x0000000000001f81      0x6e5 build/stm32l1xx_hal_gpio.o
 .debug_info    0x0000000000002666     0x10df build/stm32l1xx_hal_cortex.o
 .debug_info    0x0000000000003745      0x2ec build/system_stm32l1xx.o
 .debug_info    0x0000000000003a31       0x22 build/startup_stm32l152xe.o

.debug_abbrev   0x0000000000000000      0xf1c
 .debug_abbrev  0x0000000000000000      0x1e9 build/main.o
 .debug_abbrev  0x00000000000001e9       0x81 build/stm32l1xx_it.o
 .debug_abbrev  0x000000000000026a       0xc1 build/stm32l1xx_hal_msp.o
 .debug_abbrev  0x000000000000032b      0x24f build/stm32l1xx_hal.o
 .debug_abbrev  0x000000000000057a      0x2c8 build/stm32l1xx_hal_rcc.o
 .debug_abbrev  0x0000000000000842      0x22b build/stm32l1xx_hal_gpio.o
 .debug_abbrev  0x0000000000000a6d      0x382 build/stm32l1xx_hal_cortex.o
 .debug_abbrev  0x0000000000000def      0x11b build/system_stm32l1xx.o
 .debug_abbrev  0x0000000000000f0a       0x12 build/startup_stm32l152xe.o

.debug_loc      0x0000000000000000     0x1a5b
 .debug_loc     0x0000000000000000       0x9e build/main.o
 .debug_loc     0x000000000000009e       0x20 build/stm32l1xx_it.o
 .debug_loc     0x00000000000000be       0x2c build/stm32l1xx_hal_msp.o
 .debug_loc     0x00000000000000ea      0x26d build/stm32l1xx_hal.o
 .debug_loc     0x0000000000000357      0x8b4 build/stm32l1xx_hal_rcc.o
 .debug_loc     0x0000000000000c0b      0x4d6 build/stm32l1xx_hal_gpio.o
 .debug_loc     0x00000000000010e1      0x7a4 build/stm32l1xx_hal_cortex.o
 .debug_loc     0x0000000000001885      0x1d6 build/system_stm32l1xx.o

.debug_aranges  0x0000000000000000      0x378
 .debug_aranges
                0x0000000000000000       0x38 build/main.o
 .debug_aranges
                0x0000000000000038       0x60 build/stm32l1xx_it.o
 .debug_aranges
                0x0000000000000098       0x20 build/stm32l1xx_hal_msp.o
 .debug_aranges
                0x00000000000000b8       0xe0 build/stm32l1xx_hal.o
 .debug_aranges
                0x0000000000000198       0x90 build/stm32l1xx_hal_rcc.o
 .debug_aranges
                0x0000000000000228       0x58 build/stm32l1xx_hal_gpio.o
 .debug_aranges
                0x0000000000000280       0xa8 build/stm32l1xx_hal_cortex.o
 .debug_aranges
                0x0000000000000328       0x28 build/system_stm32l1xx.o
 .debug_aranges
                0x0000000000000350       0x28 build/startup_stm32l152xe.o

.debug_ranges   0x0000000000000000      0x368
 .debug_ranges  0x0000000000000000       0x28 build/main.o
 .debug_ranges  0x0000000000000028       0x50 build/stm32l1xx_it.o
 .debug_ranges  0x0000000000000078       0x10 build/stm32l1xx_hal_msp.o
 .debug_ranges  0x0000000000000088       0xd0 build/stm32l1xx_hal.o
 .debug_ranges  0x0000000000000158       0x98 build/stm32l1xx_hal_rcc.o
 .debug_ranges  0x00000000000001f0       0x48 build/stm32l1xx_hal_gpio.o
 .debug_ranges  0x0000000000000238       0xf8 build/stm32l1xx_hal_cortex.o
 .debug_ranges  0x0000000000000330       0x18 build/system_stm32l1xx.o
 .debug_ranges  0x0000000000000348       0x20 build/startup_stm32l152xe.o

.debug_line     0x0000000000000000     0x2854
 .debug_line    0x0000000000000000      0x30f build/main.o
 .debug_line    0x000000000000030f      0x177 build/stm32l1xx_it.o
 .debug_line    0x0000000000000486      0x15c build/stm32l1xx_hal_msp.o
 .debug_line    0x00000000000005e2      0x53c build/stm32l1xx_hal.o
 .debug_line    0x0000000000000b1e      0xdc2 build/stm32l1xx_hal_rcc.o
 .debug_line    0x00000000000018e0      0x562 build/stm32l1xx_hal_gpio.o
 .debug_line    0x0000000000001e42      0x760 build/stm32l1xx_hal_cortex.o
 .debug_line    0x00000000000025a2      0x23d build/system_stm32l1xx.o
 .debug_line    0x00000000000027df       0x75 build/startup_stm32l152xe.o

.debug_str      0x0000000000000000     0x1445
 .debug_str     0x0000000000000000      0x445 build/main.o
                                        0x497 (size before relaxing)
 .debug_str     0x0000000000000445       0xb4 build/stm32l1xx_it.o
                                        0x1f4 (size before relaxing)
 .debug_str     0x00000000000004f9       0x29 build/stm32l1xx_hal_msp.o
                                        0x1e9 (size before relaxing)
 .debug_str     0x0000000000000522      0x609 build/stm32l1xx_hal.o
                                        0x825 (size before relaxing)
 .debug_str     0x0000000000000b2b      0x295 build/stm32l1xx_hal_rcc.o
                                        0x6d6 (size before relaxing)
 .debug_str     0x0000000000000dc0      0x111 build/stm32l1xx_hal_gpio.o
                                        0x3e2 (size before relaxing)
 .debug_str     0x0000000000000ed1      0x4f2 build/stm32l1xx_hal_cortex.o
                                        0xa60 (size before relaxing)
 .debug_str     0x00000000000013c3       0x5e build/system_stm32l1xx.o
                                        0x261 (size before relaxing)
 .debug_str     0x0000000000001421       0x24 build/startup_stm32l152xe.o
                                         0x45 (size before relaxing)

.comment        0x0000000000000000       0x49
 .comment       0x0000000000000000       0x49 build/main.o
                                         0x4a (size before relaxing)
 .comment       0x0000000000000049       0x4a build/stm32l1xx_it.o
 .comment       0x0000000000000049       0x4a build/stm32l1xx_hal_msp.o
 .comment       0x0000000000000049       0x4a build/stm32l1xx_hal.o
 .comment       0x0000000000000049       0x4a build/stm32l1xx_hal_rcc.o
 .comment       0x0000000000000049       0x4a build/stm32l1xx_hal_gpio.o
 .comment       0x0000000000000049       0x4a build/stm32l1xx_hal_cortex.o
 .comment       0x0000000000000049       0x4a build/system_stm32l1xx.o

.debug_frame    0x0000000000000000      0x7ac
 .debug_frame   0x0000000000000000       0x78 build/main.o
 .debug_frame   0x0000000000000078       0xa8 build/stm32l1xx_it.o
 .debug_frame   0x0000000000000120       0x28 build/stm32l1xx_hal_msp.o
 .debug_frame   0x0000000000000148      0x1cc build/stm32l1xx_hal.o
 .debug_frame   0x0000000000000314      0x1a4 build/stm32l1xx_hal_rcc.o
 .debug_frame   0x00000000000004b8       0xd0 build/stm32l1xx_hal_gpio.o
 .debug_frame   0x0000000000000588      0x148 build/stm32l1xx_hal_cortex.o
 .debug_frame   0x00000000000006d0       0x30 build/system_stm32l1xx.o
 .debug_frame   0x0000000000000700       0x2c /home/charles/bin/gcc-arm-none-eabi-10.3-2021.10/bin/../lib/gcc/arm-none-eabi/10.3.1/../../../../arm-none-eabi/lib/thumb/v7-m/nofp/libc_nano.a(lib_a-init.o)
 .debug_frame   0x000000000000072c       0x20 /home/charles/bin/gcc-arm-none-eabi-10.3-2021.10/bin/../lib/gcc/arm-none-eabi/10.3.1/../../../../arm-none-eabi/lib/thumb/v7-m/nofp/libc_nano.a(lib_a-memset.o)
 .debug_frame   0x000000000000074c       0x2c /home/charles/bin/gcc-arm-none-eabi-10.3-2021.10/bin/../lib/gcc/arm-none-eabi/10.3.1/thumb/v7-m/nofp/libgcc.a(_aeabi_uldivmod.o)
 .debug_frame   0x0000000000000778       0x34 /home/charles/bin/gcc-arm-none-eabi-10.3-2021.10/bin/../lib/gcc/arm-none-eabi/10.3.1/thumb/v7-m/nofp/libgcc.a(_udivmoddi4.o)

Cross Reference Table

Symbol                                            File
ADC1_IRQHandler                                   build/startup_stm32l152xe.o
AHBPrescTable                                     build/system_stm32l1xx.o
                                                  build/stm32l1xx_hal_rcc.o
APBPrescTable                                     build/system_stm32l1xx.o
                                                  build/stm32l1xx_hal_rcc.o
BusFault_Handler                                  build/stm32l1xx_it.o
COMP_ACQ_IRQHandler                               build/startup_stm32l152xe.o
COMP_IRQHandler                                   build/startup_stm32l152xe.o
DAC_IRQHandler                                    build/startup_stm32l152xe.o
DMA1_Channel1_IRQHandler                          build/startup_stm32l152xe.o
DMA1_Channel2_IRQHandler                          build/startup_stm32l152xe.o
DMA1_Channel3_IRQHandler                          build/startup_stm32l152xe.o
DMA1_Channel4_IRQHandler                          build/startup_stm32l152xe.o
DMA1_Channel5_IRQHandler                          build/startup_stm32l152xe.o
DMA1_Channel6_IRQHandler                          build/startup_stm32l152xe.o
DMA1_Channel7_IRQHandler                          build/startup_stm32l152xe.o
DMA2_Channel1_IRQHandler                          build/startup_stm32l152xe.o
DMA2_Channel2_IRQHandler                          build/startup_stm32l152xe.o
DMA2_Channel3_IRQHandler                          build/startup_stm32l152xe.o
DMA2_Channel4_IRQHandler                          build/startup_stm32l152xe.o
DMA2_Channel5_IRQHandler                          build/startup_stm32l152xe.o
DebugMon_Handler                                  build/stm32l1xx_it.o
Default_Handler                                   build/startup_stm32l152xe.o
EXTI0_IRQHandler                                  build/startup_stm32l152xe.o
EXTI15_10_IRQHandler                              build/startup_stm32l152xe.o
EXTI1_IRQHandler                                  build/startup_stm32l152xe.o
EXTI2_IRQHandler                                  build/startup_stm32l152xe.o
EXTI3_IRQHandler                                  build/startup_stm32l152xe.o
EXTI4_IRQHandler                                  build/startup_stm32l152xe.o
EXTI9_5_IRQHandler                                build/startup_stm32l152xe.o
Error_Handler                                     build/main.o
FLASH_IRQHandler                                  build/startup_stm32l152xe.o
FLASH_PageErase                                   build/stm32l1xx_hal_flash_ex.o
                                                  build/stm32l1xx_hal_flash.o
FLASH_WaitForLastOperation                        build/stm32l1xx_hal_flash.o
                                                  build/stm32l1xx_hal_flash_ex.o
HAL_DBGMCU_DisableDBGSleepMode                    build/stm32l1xx_hal.o
HAL_DBGMCU_DisableDBGStandbyMode                  build/stm32l1xx_hal.o
HAL_DBGMCU_DisableDBGStopMode                     build/stm32l1xx_hal.o
HAL_DBGMCU_EnableDBGSleepMode                     build/stm32l1xx_hal.o
HAL_DBGMCU_EnableDBGStandbyMode                   build/stm32l1xx_hal.o
HAL_DBGMCU_EnableDBGStopMode                      build/stm32l1xx_hal.o
HAL_DMA_Abort                                     build/stm32l1xx_hal_dma.o
HAL_DMA_Abort_IT                                  build/stm32l1xx_hal_dma.o
HAL_DMA_DeInit                                    build/stm32l1xx_hal_dma.o
HAL_DMA_GetError                                  build/stm32l1xx_hal_dma.o
HAL_DMA_GetState                                  build/stm32l1xx_hal_dma.o
HAL_DMA_IRQHandler                                build/stm32l1xx_hal_dma.o
HAL_DMA_Init                                      build/stm32l1xx_hal_dma.o
HAL_DMA_PollForTransfer                           build/stm32l1xx_hal_dma.o
HAL_DMA_RegisterCallback                          build/stm32l1xx_hal_dma.o
HAL_DMA_Start                                     build/stm32l1xx_hal_dma.o
HAL_DMA_Start_IT                                  build/stm32l1xx_hal_dma.o
HAL_DMA_UnRegisterCallback                        build/stm32l1xx_hal_dma.o
HAL_DeInit                                        build/stm32l1xx_hal.o
HAL_Delay                                         build/stm32l1xx_hal.o
                                                  build/main.o
HAL_EXTI_ClearConfigLine                          build/stm32l1xx_hal_exti.o
HAL_EXTI_ClearPending                             build/stm32l1xx_hal_exti.o
HAL_EXTI_GenerateSWI                              build/stm32l1xx_hal_exti.o
HAL_EXTI_GetConfigLine                            build/stm32l1xx_hal_exti.o
HAL_EXTI_GetHandle                                build/stm32l1xx_hal_exti.o
HAL_EXTI_GetPending                               build/stm32l1xx_hal_exti.o
HAL_EXTI_IRQHandler                               build/stm32l1xx_hal_exti.o
HAL_EXTI_RegisterCallback                         build/stm32l1xx_hal_exti.o
HAL_EXTI_SetConfigLine                            build/stm32l1xx_hal_exti.o
HAL_FLASHEx_AdvOBGetConfig                        build/stm32l1xx_hal_flash_ex.o
HAL_FLASHEx_AdvOBProgram                          build/stm32l1xx_hal_flash_ex.o
HAL_FLASHEx_DATAEEPROM_DisableFixedTimeProgram    build/stm32l1xx_hal_flash_ex.o
HAL_FLASHEx_DATAEEPROM_EnableFixedTimeProgram     build/stm32l1xx_hal_flash_ex.o
HAL_FLASHEx_DATAEEPROM_Erase                      build/stm32l1xx_hal_flash_ex.o
HAL_FLASHEx_DATAEEPROM_EraseDoubleWord            build/stm32l1xx_hal_flash_ramfunc.o
HAL_FLASHEx_DATAEEPROM_Lock                       build/stm32l1xx_hal_flash_ex.o
HAL_FLASHEx_DATAEEPROM_Program                    build/stm32l1xx_hal_flash_ex.o
HAL_FLASHEx_DATAEEPROM_ProgramDoubleWord          build/stm32l1xx_hal_flash_ramfunc.o
HAL_FLASHEx_DATAEEPROM_Unlock                     build/stm32l1xx_hal_flash_ex.o
HAL_FLASHEx_DisableRunPowerDown                   build/stm32l1xx_hal_flash_ramfunc.o
HAL_FLASHEx_EnableRunPowerDown                    build/stm32l1xx_hal_flash_ramfunc.o
HAL_FLASHEx_Erase                                 build/stm32l1xx_hal_flash_ex.o
HAL_FLASHEx_EraseParallelPage                     build/stm32l1xx_hal_flash_ramfunc.o
HAL_FLASHEx_Erase_IT                              build/stm32l1xx_hal_flash_ex.o
HAL_FLASHEx_GetError                              build/stm32l1xx_hal_flash_ramfunc.o
HAL_FLASHEx_HalfPageProgram                       build/stm32l1xx_hal_flash_ramfunc.o
HAL_FLASHEx_OBGetConfig                           build/stm32l1xx_hal_flash_ex.o
HAL_FLASHEx_OBProgram                             build/stm32l1xx_hal_flash_ex.o
HAL_FLASHEx_ProgramParallelHalfPage               build/stm32l1xx_hal_flash_ramfunc.o
HAL_FLASH_EndOfOperationCallback                  build/stm32l1xx_hal_flash.o
HAL_FLASH_GetError                                build/stm32l1xx_hal_flash.o
HAL_FLASH_IRQHandler                              build/stm32l1xx_hal_flash.o
HAL_FLASH_Lock                                    build/stm32l1xx_hal_flash.o
HAL_FLASH_OB_Launch                               build/stm32l1xx_hal_flash.o
HAL_FLASH_OB_Lock                                 build/stm32l1xx_hal_flash.o
HAL_FLASH_OB_Unlock                               build/stm32l1xx_hal_flash.o
HAL_FLASH_OperationErrorCallback                  build/stm32l1xx_hal_flash.o
HAL_FLASH_Program                                 build/stm32l1xx_hal_flash.o
HAL_FLASH_Program_IT                              build/stm32l1xx_hal_flash.o
HAL_FLASH_Unlock                                  build/stm32l1xx_hal_flash.o
HAL_GPIO_DeInit                                   build/stm32l1xx_hal_gpio.o
HAL_GPIO_EXTI_Callback                            build/stm32l1xx_hal_gpio.o
HAL_GPIO_EXTI_IRQHandler                          build/stm32l1xx_hal_gpio.o
HAL_GPIO_Init                                     build/stm32l1xx_hal_gpio.o
                                                  build/stm32l1xx_hal_rcc.o
                                                  build/main.o
HAL_GPIO_LockPin                                  build/stm32l1xx_hal_gpio.o
HAL_GPIO_ReadPin                                  build/stm32l1xx_hal_gpio.o
HAL_GPIO_TogglePin                                build/stm32l1xx_hal_gpio.o
                                                  build/main.o
HAL_GPIO_WritePin                                 build/stm32l1xx_hal_gpio.o
                                                  build/main.o
HAL_GetDEVID                                      build/stm32l1xx_hal.o
HAL_GetHalVersion                                 build/stm32l1xx_hal.o
HAL_GetREVID                                      build/stm32l1xx_hal.o
HAL_GetTick                                       build/stm32l1xx_hal.o
                                                  build/stm32l1xx_hal_dma.o
                                                  build/stm32l1xx_hal_flash.o
                                                  build/stm32l1xx_hal_rcc_ex.o
                                                  build/stm32l1xx_hal_rcc.o
HAL_GetTickFreq                                   build/stm32l1xx_hal.o
HAL_GetTickPrio                                   build/stm32l1xx_hal.o
HAL_GetUIDw0                                      build/stm32l1xx_hal.o
HAL_GetUIDw1                                      build/stm32l1xx_hal.o
HAL_GetUIDw2                                      build/stm32l1xx_hal.o
HAL_IncTick                                       build/stm32l1xx_hal.o
                                                  build/stm32l1xx_it.o
HAL_Init                                          build/stm32l1xx_hal.o
                                                  build/main.o
HAL_InitTick                                      build/stm32l1xx_hal.o
                                                  build/stm32l1xx_hal_rcc.o
HAL_MPU_ConfigRegion                              build/stm32l1xx_hal_cortex.o
HAL_MPU_Disable                                   build/stm32l1xx_hal_cortex.o
HAL_MPU_Enable                                    build/stm32l1xx_hal_cortex.o
HAL_MspDeInit                                     build/stm32l1xx_hal.o
HAL_MspInit                                       build/stm32l1xx_hal_msp.o
HAL_NVIC_ClearPendingIRQ                          build/stm32l1xx_hal_cortex.o
HAL_NVIC_DisableIRQ                               build/stm32l1xx_hal_cortex.o
HAL_NVIC_EnableIRQ                                build/stm32l1xx_hal_cortex.o
HAL_NVIC_GetActive                                build/stm32l1xx_hal_cortex.o
HAL_NVIC_GetPendingIRQ                            build/stm32l1xx_hal_cortex.o
HAL_NVIC_GetPriority                              build/stm32l1xx_hal_cortex.o
HAL_NVIC_GetPriorityGrouping                      build/stm32l1xx_hal_cortex.o
HAL_NVIC_SetPendingIRQ                            build/stm32l1xx_hal_cortex.o
HAL_NVIC_SetPriority                              build/stm32l1xx_hal_cortex.o
                                                  build/stm32l1xx_hal.o
HAL_NVIC_SetPriorityGrouping                      build/stm32l1xx_hal_cortex.o
                                                  build/stm32l1xx_hal.o
HAL_NVIC_SystemReset                              build/stm32l1xx_hal_cortex.o
HAL_PWREx_DisableFastWakeUp                       build/stm32l1xx_hal_pwr_ex.o
HAL_PWREx_DisableLowPowerRunMode                  build/stm32l1xx_hal_pwr_ex.o
HAL_PWREx_DisableUltraLowPower                    build/stm32l1xx_hal_pwr_ex.o
HAL_PWREx_EnableFastWakeUp                        build/stm32l1xx_hal_pwr_ex.o
HAL_PWREx_EnableLowPowerRunMode                   build/stm32l1xx_hal_pwr_ex.o
HAL_PWREx_EnableUltraLowPower                     build/stm32l1xx_hal_pwr_ex.o
HAL_PWREx_GetVoltageRange                         build/stm32l1xx_hal_pwr_ex.o
HAL_PWR_ConfigPVD                                 build/stm32l1xx_hal_pwr.o
HAL_PWR_DeInit                                    build/stm32l1xx_hal_pwr.o
HAL_PWR_DisableBkUpAccess                         build/stm32l1xx_hal_pwr.o
HAL_PWR_DisablePVD                                build/stm32l1xx_hal_pwr.o
HAL_PWR_DisableSEVOnPend                          build/stm32l1xx_hal_pwr.o
HAL_PWR_DisableSleepOnExit                        build/stm32l1xx_hal_pwr.o
HAL_PWR_DisableWakeUpPin                          build/stm32l1xx_hal_pwr.o
HAL_PWR_EnableBkUpAccess                          build/stm32l1xx_hal_pwr.o
HAL_PWR_EnablePVD                                 build/stm32l1xx_hal_pwr.o
HAL_PWR_EnableSEVOnPend                           build/stm32l1xx_hal_pwr.o
HAL_PWR_EnableSleepOnExit                         build/stm32l1xx_hal_pwr.o
HAL_PWR_EnableWakeUpPin                           build/stm32l1xx_hal_pwr.o
HAL_PWR_EnterSLEEPMode                            build/stm32l1xx_hal_pwr.o
HAL_PWR_EnterSTANDBYMode                          build/stm32l1xx_hal_pwr.o
HAL_PWR_EnterSTOPMode                             build/stm32l1xx_hal_pwr.o
HAL_PWR_PVDCallback                               build/stm32l1xx_hal_pwr.o
HAL_PWR_PVD_IRQHandler                            build/stm32l1xx_hal_pwr.o
HAL_RCCEx_DisableLSECSS                           build/stm32l1xx_hal_rcc_ex.o
HAL_RCCEx_EnableLSECSS                            build/stm32l1xx_hal_rcc_ex.o
HAL_RCCEx_EnableLSECSS_IT                         build/stm32l1xx_hal_rcc_ex.o
HAL_RCCEx_GetPeriphCLKConfig                      build/stm32l1xx_hal_rcc_ex.o
HAL_RCCEx_GetPeriphCLKFreq                        build/stm32l1xx_hal_rcc_ex.o
HAL_RCCEx_LSECSS_Callback                         build/stm32l1xx_hal_rcc_ex.o
HAL_RCCEx_LSECSS_IRQHandler                       build/stm32l1xx_hal_rcc_ex.o
HAL_RCCEx_PeriphCLKConfig                         build/stm32l1xx_hal_rcc_ex.o
HAL_RCC_CSSCallback                               build/stm32l1xx_hal_rcc.o
HAL_RCC_ClockConfig                               build/stm32l1xx_hal_rcc.o
                                                  build/main.o
HAL_RCC_DeInit                                    build/stm32l1xx_hal_rcc.o
HAL_RCC_DisableCSS                                build/stm32l1xx_hal_rcc.o
HAL_RCC_EnableCSS                                 build/stm32l1xx_hal_rcc.o
HAL_RCC_GetClockConfig                            build/stm32l1xx_hal_rcc.o
HAL_RCC_GetHCLKFreq                               build/stm32l1xx_hal_rcc.o
HAL_RCC_GetOscConfig                              build/stm32l1xx_hal_rcc.o
HAL_RCC_GetPCLK1Freq                              build/stm32l1xx_hal_rcc.o
HAL_RCC_GetPCLK2Freq                              build/stm32l1xx_hal_rcc.o
HAL_RCC_GetSysClockFreq                           build/stm32l1xx_hal_rcc.o
HAL_RCC_MCOConfig                                 build/stm32l1xx_hal_rcc.o
HAL_RCC_NMI_IRQHandler                            build/stm32l1xx_hal_rcc.o
HAL_RCC_OscConfig                                 build/stm32l1xx_hal_rcc.o
                                                  build/main.o
HAL_ResumeTick                                    build/stm32l1xx_hal.o
HAL_SYSTICK_CLKSourceConfig                       build/stm32l1xx_hal_cortex.o
HAL_SYSTICK_Callback                              build/stm32l1xx_hal_cortex.o
HAL_SYSTICK_Config                                build/stm32l1xx_hal_cortex.o
                                                  build/stm32l1xx_hal.o
HAL_SYSTICK_IRQHandler                            build/stm32l1xx_hal_cortex.o
HAL_SetTickFreq                                   build/stm32l1xx_hal.o
HAL_SuspendTick                                   build/stm32l1xx_hal.o
HardFault_Handler                                 build/stm32l1xx_it.o
I2C1_ER_IRQHandler                                build/startup_stm32l152xe.o
I2C1_EV_IRQHandler                                build/startup_stm32l152xe.o
I2C2_ER_IRQHandler                                build/startup_stm32l152xe.o
I2C2_EV_IRQHandler                                build/startup_stm32l152xe.o
LCD_IRQHandler                                    build/startup_stm32l152xe.o
MemManage_Handler                                 build/stm32l1xx_it.o
NMI_Handler                                       build/stm32l1xx_it.o
PLLMulTable                                       build/system_stm32l1xx.o
                                                  build/stm32l1xx_hal_rcc.o
PVD_IRQHandler                                    build/startup_stm32l152xe.o
PendSV_Handler                                    build/stm32l1xx_it.o
RCC_IRQHandler                                    build/startup_stm32l152xe.o
RTC_Alarm_IRQHandler                              build/startup_stm32l152xe.o
RTC_WKUP_IRQHandler                               build/startup_stm32l152xe.o
Reset_Handler                                     build/startup_stm32l152xe.o
SPI1_IRQHandler                                   build/startup_stm32l152xe.o
SPI2_IRQHandler                                   build/startup_stm32l152xe.o
SPI3_IRQHandler                                   build/startup_stm32l152xe.o
SVC_Handler                                       build/stm32l1xx_it.o
SysTick_Handler                                   build/stm32l1xx_it.o
SystemClock_Config                                build/main.o
SystemCoreClock                                   build/system_stm32l1xx.o
                                                  build/stm32l1xx_hal_rcc.o
                                                  build/stm32l1xx_hal.o
SystemCoreClockUpdate                             build/system_stm32l1xx.o
SystemInit                                        build/system_stm32l1xx.o
                                                  build/startup_stm32l152xe.o
TAMPER_STAMP_IRQHandler                           build/startup_stm32l152xe.o
TIM10_IRQHandler                                  build/startup_stm32l152xe.o
TIM11_IRQHandler                                  build/startup_stm32l152xe.o
TIM2_IRQHandler                                   build/startup_stm32l152xe.o
TIM3_IRQHandler                                   build/startup_stm32l152xe.o
TIM4_IRQHandler                                   build/startup_stm32l152xe.o
TIM5_IRQHandler                                   build/startup_stm32l152xe.o
TIM6_IRQHandler                                   build/startup_stm32l152xe.o
TIM7_IRQHandler                                   build/startup_stm32l152xe.o
TIM9_IRQHandler                                   build/startup_stm32l152xe.o
UART4_IRQHandler                                  build/startup_stm32l152xe.o
UART5_IRQHandler                                  build/startup_stm32l152xe.o
USART1_IRQHandler                                 build/startup_stm32l152xe.o
USART2_IRQHandler                                 build/startup_stm32l152xe.o
USART3_IRQHandler                                 build/startup_stm32l152xe.o
USB_FS_WKUP_IRQHandler                            build/startup_stm32l152xe.o
USB_HP_IRQHandler                                 build/startup_stm32l152xe.o
USB_LP_IRQHandler                                 build/startup_stm32l152xe.o
UsageFault_Handler                                build/stm32l1xx_it.o
WWDG_IRQHandler                                   build/startup_stm32l152xe.o
__aeabi_idiv0                                     /home/charles/bin/gcc-arm-none-eabi-10.3-2021.10/bin/../lib/gcc/arm-none-eabi/10.3.1/thumb/v7-m/nofp/libgcc.a(_dvmd_tls.o)
__aeabi_ldiv0                                     /home/charles/bin/gcc-arm-none-eabi-10.3-2021.10/bin/../lib/gcc/arm-none-eabi/10.3.1/thumb/v7-m/nofp/libgcc.a(_dvmd_tls.o)
                                                  /home/charles/bin/gcc-arm-none-eabi-10.3-2021.10/bin/../lib/gcc/arm-none-eabi/10.3.1/thumb/v7-m/nofp/libgcc.a(_aeabi_uldivmod.o)
__aeabi_uldivmod                                  /home/charles/bin/gcc-arm-none-eabi-10.3-2021.10/bin/../lib/gcc/arm-none-eabi/10.3.1/thumb/v7-m/nofp/libgcc.a(_aeabi_uldivmod.o)
                                                  build/stm32l1xx_hal_rcc.o
__bss_end__                                       /home/charles/bin/gcc-arm-none-eabi-10.3-2021.10/bin/../lib/gcc/arm-none-eabi/10.3.1/../../../../arm-none-eabi/lib/thumb/v7-m/nofp/crt0.o
__bss_start__                                     /home/charles/bin/gcc-arm-none-eabi-10.3-2021.10/bin/../lib/gcc/arm-none-eabi/10.3.1/../../../../arm-none-eabi/lib/thumb/v7-m/nofp/crt0.o
__call_exitprocs                                  /home/charles/bin/gcc-arm-none-eabi-10.3-2021.10/bin/../lib/gcc/arm-none-eabi/10.3.1/../../../../arm-none-eabi/lib/thumb/v7-m/nofp/libc_nano.a(lib_a-exit.o)
__deregister_frame_info                           /home/charles/bin/gcc-arm-none-eabi-10.3-2021.10/bin/../lib/gcc/arm-none-eabi/10.3.1/thumb/v7-m/nofp/crtbegin.o
__dso_handle                                      /home/charles/bin/gcc-arm-none-eabi-10.3-2021.10/bin/../lib/gcc/arm-none-eabi/10.3.1/thumb/v7-m/nofp/crtbegin.o
__init_array_end                                  /home/charles/bin/gcc-arm-none-eabi-10.3-2021.10/bin/../lib/gcc/arm-none-eabi/10.3.1/../../../../arm-none-eabi/lib/thumb/v7-m/nofp/libc_nano.a(lib_a-init.o)
__init_array_start                                /home/charles/bin/gcc-arm-none-eabi-10.3-2021.10/bin/../lib/gcc/arm-none-eabi/10.3.1/../../../../arm-none-eabi/lib/thumb/v7-m/nofp/libc_nano.a(lib_a-init.o)
__libc_fini_array                                 /home/charles/bin/gcc-arm-none-eabi-10.3-2021.10/bin/../lib/gcc/arm-none-eabi/10.3.1/../../../../arm-none-eabi/lib/thumb/v7-m/nofp/crt0.o
__libc_init_array                                 /home/charles/bin/gcc-arm-none-eabi-10.3-2021.10/bin/../lib/gcc/arm-none-eabi/10.3.1/../../../../arm-none-eabi/lib/thumb/v7-m/nofp/libc_nano.a(lib_a-init.o)
                                                  build/startup_stm32l152xe.o
                                                  /home/charles/bin/gcc-arm-none-eabi-10.3-2021.10/bin/../lib/gcc/arm-none-eabi/10.3.1/../../../../arm-none-eabi/lib/thumb/v7-m/nofp/crt0.o
__preinit_array_end                               /home/charles/bin/gcc-arm-none-eabi-10.3-2021.10/bin/../lib/gcc/arm-none-eabi/10.3.1/../../../../arm-none-eabi/lib/thumb/v7-m/nofp/libc_nano.a(lib_a-init.o)
__preinit_array_start                             /home/charles/bin/gcc-arm-none-eabi-10.3-2021.10/bin/../lib/gcc/arm-none-eabi/10.3.1/../../../../arm-none-eabi/lib/thumb/v7-m/nofp/libc_nano.a(lib_a-init.o)
__register_frame_info                             /home/charles/bin/gcc-arm-none-eabi-10.3-2021.10/bin/../lib/gcc/arm-none-eabi/10.3.1/thumb/v7-m/nofp/crtbegin.o
__sf_fake_stderr                                  /home/charles/bin/gcc-arm-none-eabi-10.3-2021.10/bin/../lib/gcc/arm-none-eabi/10.3.1/../../../../arm-none-eabi/lib/thumb/v7-m/nofp/libc_nano.a(lib_a-impure.o)
__sf_fake_stdin                                   /home/charles/bin/gcc-arm-none-eabi-10.3-2021.10/bin/../lib/gcc/arm-none-eabi/10.3.1/../../../../arm-none-eabi/lib/thumb/v7-m/nofp/libc_nano.a(lib_a-impure.o)
__sf_fake_stdout                                  /home/charles/bin/gcc-arm-none-eabi-10.3-2021.10/bin/../lib/gcc/arm-none-eabi/10.3.1/../../../../arm-none-eabi/lib/thumb/v7-m/nofp/libc_nano.a(lib_a-impure.o)
__stack                                           /home/charles/bin/gcc-arm-none-eabi-10.3-2021.10/bin/../lib/gcc/arm-none-eabi/10.3.1/../../../../arm-none-eabi/lib/thumb/v7-m/nofp/crt0.o
__udivmoddi4                                      /home/charles/bin/gcc-arm-none-eabi-10.3-2021.10/bin/../lib/gcc/arm-none-eabi/10.3.1/thumb/v7-m/nofp/libgcc.a(_udivmoddi4.o)
                                                  /home/charles/bin/gcc-arm-none-eabi-10.3-2021.10/bin/../lib/gcc/arm-none-eabi/10.3.1/thumb/v7-m/nofp/libgcc.a(_aeabi_uldivmod.o)
_ebss                                             build/startup_stm32l152xe.o
_edata                                            build/startup_stm32l152xe.o
_estack                                           build/startup_stm32l152xe.o
_exit                                             /home/charles/bin/gcc-arm-none-eabi-10.3-2021.10/bin/../lib/gcc/arm-none-eabi/10.3.1/../../../../arm-none-eabi/lib/thumb/v7-m/nofp/libnosys.a(_exit.o)
                                                  /home/charles/bin/gcc-arm-none-eabi-10.3-2021.10/bin/../lib/gcc/arm-none-eabi/10.3.1/../../../../arm-none-eabi/lib/thumb/v7-m/nofp/libc_nano.a(lib_a-exit.o)
_fini                                             /home/charles/bin/gcc-arm-none-eabi-10.3-2021.10/bin/../lib/gcc/arm-none-eabi/10.3.1/thumb/v7-m/nofp/crti.o
_global_impure_ptr                                /home/charles/bin/gcc-arm-none-eabi-10.3-2021.10/bin/../lib/gcc/arm-none-eabi/10.3.1/../../../../arm-none-eabi/lib/thumb/v7-m/nofp/libc_nano.a(lib_a-impure.o)
                                                  /home/charles/bin/gcc-arm-none-eabi-10.3-2021.10/bin/../lib/gcc/arm-none-eabi/10.3.1/../../../../arm-none-eabi/lib/thumb/v7-m/nofp/libc_nano.a(lib_a-exit.o)
_impure_ptr                                       /home/charles/bin/gcc-arm-none-eabi-10.3-2021.10/bin/../lib/gcc/arm-none-eabi/10.3.1/../../../../arm-none-eabi/lib/thumb/v7-m/nofp/libc_nano.a(lib_a-impure.o)
_init                                             /home/charles/bin/gcc-arm-none-eabi-10.3-2021.10/bin/../lib/gcc/arm-none-eabi/10.3.1/thumb/v7-m/nofp/crti.o
                                                  /home/charles/bin/gcc-arm-none-eabi-10.3-2021.10/bin/../lib/gcc/arm-none-eabi/10.3.1/../../../../arm-none-eabi/lib/thumb/v7-m/nofp/libc_nano.a(lib_a-init.o)
_mainCRTStartup                                   /home/charles/bin/gcc-arm-none-eabi-10.3-2021.10/bin/../lib/gcc/arm-none-eabi/10.3.1/../../../../arm-none-eabi/lib/thumb/v7-m/nofp/crt0.o
_sbss                                             build/startup_stm32l152xe.o
_sdata                                            build/startup_stm32l152xe.o
_sidata                                           build/startup_stm32l152xe.o
_stack_init                                       /home/charles/bin/gcc-arm-none-eabi-10.3-2021.10/bin/../lib/gcc/arm-none-eabi/10.3.1/../../../../arm-none-eabi/lib/thumb/v7-m/nofp/crt0.o
_start                                            /home/charles/bin/gcc-arm-none-eabi-10.3-2021.10/bin/../lib/gcc/arm-none-eabi/10.3.1/../../../../arm-none-eabi/lib/thumb/v7-m/nofp/crt0.o
atexit                                            /home/charles/bin/gcc-arm-none-eabi-10.3-2021.10/bin/../lib/gcc/arm-none-eabi/10.3.1/../../../../arm-none-eabi/lib/thumb/v7-m/nofp/crt0.o
exit                                              /home/charles/bin/gcc-arm-none-eabi-10.3-2021.10/bin/../lib/gcc/arm-none-eabi/10.3.1/../../../../arm-none-eabi/lib/thumb/v7-m/nofp/libc_nano.a(lib_a-exit.o)
                                                  /home/charles/bin/gcc-arm-none-eabi-10.3-2021.10/bin/../lib/gcc/arm-none-eabi/10.3.1/../../../../arm-none-eabi/lib/thumb/v7-m/nofp/crt0.o
g_pfnVectors                                      build/startup_stm32l152xe.o
hardware_init_hook                                /home/charles/bin/gcc-arm-none-eabi-10.3-2021.10/bin/../lib/gcc/arm-none-eabi/10.3.1/../../../../arm-none-eabi/lib/thumb/v7-m/nofp/crt0.o
main                                              build/main.o
                                                  build/startup_stm32l152xe.o
                                                  /home/charles/bin/gcc-arm-none-eabi-10.3-2021.10/bin/../lib/gcc/arm-none-eabi/10.3.1/../../../../arm-none-eabi/lib/thumb/v7-m/nofp/crt0.o
memset                                            /home/charles/bin/gcc-arm-none-eabi-10.3-2021.10/bin/../lib/gcc/arm-none-eabi/10.3.1/../../../../arm-none-eabi/lib/thumb/v7-m/nofp/libc_nano.a(lib_a-memset.o)
                                                  build/main.o
                                                  /home/charles/bin/gcc-arm-none-eabi-10.3-2021.10/bin/../lib/gcc/arm-none-eabi/10.3.1/../../../../arm-none-eabi/lib/thumb/v7-m/nofp/crt0.o
pFlash                                            build/stm32l1xx_hal_flash.o
                                                  build/stm32l1xx_hal_flash_ramfunc.o
                                                  build/stm32l1xx_hal_flash_ex.o
software_init_hook                                /home/charles/bin/gcc-arm-none-eabi-10.3-2021.10/bin/../lib/gcc/arm-none-eabi/10.3.1/../../../../arm-none-eabi/lib/thumb/v7-m/nofp/crt0.o
uwTick                                            build/stm32l1xx_hal.o
uwTickFreq                                        build/stm32l1xx_hal.o
uwTickPrio                                        build/stm32l1xx_hal.o
                                                  build/stm32l1xx_hal_rcc.o
